Archive member included to satisfy reference by file (symbol)

/opt/st/stm32cubeide_1.11.0/plugins/com.st.stm32cube.ide.mcu.externaltools.gnu-tools-for-stm32.10.3-2021.10.linux64_1.0.100.202210260954/tools/bin/../lib/gcc/arm-none-eabi/10.3.1/../../../../arm-none-eabi/lib/thumb/v7e-m+fp/hard/libc_nano.a(lib_a-errno.o)
                              ./Core/Src/syscalls.o (__errno)
/opt/st/stm32cubeide_1.11.0/plugins/com.st.stm32cube.ide.mcu.externaltools.gnu-tools-for-stm32.10.3-2021.10.linux64_1.0.100.202210260954/tools/bin/../lib/gcc/arm-none-eabi/10.3.1/../../../../arm-none-eabi/lib/thumb/v7e-m+fp/hard/libc_nano.a(lib_a-exit.o)
                              /opt/st/stm32cubeide_1.11.0/plugins/com.st.stm32cube.ide.mcu.externaltools.gnu-tools-for-stm32.10.3-2021.10.linux64_1.0.100.202210260954/tools/bin/../lib/gcc/arm-none-eabi/10.3.1/../../../../arm-none-eabi/lib/thumb/v7e-m+fp/hard/crt0.o (exit)
/opt/st/stm32cubeide_1.11.0/plugins/com.st.stm32cube.ide.mcu.externaltools.gnu-tools-for-stm32.10.3-2021.10.linux64_1.0.100.202210260954/tools/bin/../lib/gcc/arm-none-eabi/10.3.1/../../../../arm-none-eabi/lib/thumb/v7e-m+fp/hard/libc_nano.a(lib_a-impure.o)
                              /opt/st/stm32cubeide_1.11.0/plugins/com.st.stm32cube.ide.mcu.externaltools.gnu-tools-for-stm32.10.3-2021.10.linux64_1.0.100.202210260954/tools/bin/../lib/gcc/arm-none-eabi/10.3.1/../../../../arm-none-eabi/lib/thumb/v7e-m+fp/hard/libc_nano.a(lib_a-exit.o) (_global_impure_ptr)
/opt/st/stm32cubeide_1.11.0/plugins/com.st.stm32cube.ide.mcu.externaltools.gnu-tools-for-stm32.10.3-2021.10.linux64_1.0.100.202210260954/tools/bin/../lib/gcc/arm-none-eabi/10.3.1/../../../../arm-none-eabi/lib/thumb/v7e-m+fp/hard/libc_nano.a(lib_a-init.o)
                              /opt/st/stm32cubeide_1.11.0/plugins/com.st.stm32cube.ide.mcu.externaltools.gnu-tools-for-stm32.10.3-2021.10.linux64_1.0.100.202210260954/tools/bin/../lib/gcc/arm-none-eabi/10.3.1/../../../../arm-none-eabi/lib/thumb/v7e-m+fp/hard/crt0.o (__libc_init_array)
/opt/st/stm32cubeide_1.11.0/plugins/com.st.stm32cube.ide.mcu.externaltools.gnu-tools-for-stm32.10.3-2021.10.linux64_1.0.100.202210260954/tools/bin/../lib/gcc/arm-none-eabi/10.3.1/../../../../arm-none-eabi/lib/thumb/v7e-m+fp/hard/libc_nano.a(lib_a-memcpy-stub.o)
                              ./ThirdParty/FreeRTOS/queue.o (memcpy)
/opt/st/stm32cubeide_1.11.0/plugins/com.st.stm32cube.ide.mcu.externaltools.gnu-tools-for-stm32.10.3-2021.10.linux64_1.0.100.202210260954/tools/bin/../lib/gcc/arm-none-eabi/10.3.1/../../../../arm-none-eabi/lib/thumb/v7e-m+fp/hard/libc_nano.a(lib_a-memset.o)
                              /opt/st/stm32cubeide_1.11.0/plugins/com.st.stm32cube.ide.mcu.externaltools.gnu-tools-for-stm32.10.3-2021.10.linux64_1.0.100.202210260954/tools/bin/../lib/gcc/arm-none-eabi/10.3.1/../../../../arm-none-eabi/lib/thumb/v7e-m+fp/hard/crt0.o (memset)
/opt/st/stm32cubeide_1.11.0/plugins/com.st.stm32cube.ide.mcu.externaltools.gnu-tools-for-stm32.10.3-2021.10.linux64_1.0.100.202210260954/tools/bin/../lib/gcc/arm-none-eabi/10.3.1/../../../../arm-none-eabi/lib/thumb/v7e-m+fp/hard/libc_nano.a(lib_a-strlen.o)
                              ./Core/Src/main.o (strlen)
/opt/st/stm32cubeide_1.11.0/plugins/com.st.stm32cube.ide.mcu.externaltools.gnu-tools-for-stm32.10.3-2021.10.linux64_1.0.100.202210260954/tools/bin/../lib/gcc/arm-none-eabi/10.3.1/thumb/v7e-m+fp/hard/libgcc.a(_aeabi_uldivmod.o)
                              ./Drivers/STM32F4xx_HAL_Driver/Src/stm32f4xx_hal_rcc.o (__aeabi_uldivmod)
/opt/st/stm32cubeide_1.11.0/plugins/com.st.stm32cube.ide.mcu.externaltools.gnu-tools-for-stm32.10.3-2021.10.linux64_1.0.100.202210260954/tools/bin/../lib/gcc/arm-none-eabi/10.3.1/thumb/v7e-m+fp/hard/libgcc.a(_udivmoddi4.o)
                              /opt/st/stm32cubeide_1.11.0/plugins/com.st.stm32cube.ide.mcu.externaltools.gnu-tools-for-stm32.10.3-2021.10.linux64_1.0.100.202210260954/tools/bin/../lib/gcc/arm-none-eabi/10.3.1/thumb/v7e-m+fp/hard/libgcc.a(_aeabi_uldivmod.o) (__udivmoddi4)
/opt/st/stm32cubeide_1.11.0/plugins/com.st.stm32cube.ide.mcu.externaltools.gnu-tools-for-stm32.10.3-2021.10.linux64_1.0.100.202210260954/tools/bin/../lib/gcc/arm-none-eabi/10.3.1/thumb/v7e-m+fp/hard/libgcc.a(_dvmd_tls.o)
                              /opt/st/stm32cubeide_1.11.0/plugins/com.st.stm32cube.ide.mcu.externaltools.gnu-tools-for-stm32.10.3-2021.10.linux64_1.0.100.202210260954/tools/bin/../lib/gcc/arm-none-eabi/10.3.1/thumb/v7e-m+fp/hard/libgcc.a(_aeabi_uldivmod.o) (__aeabi_ldiv0)

Discarded input sections

 .text          0x0000000000000000        0x0 /opt/st/stm32cubeide_1.11.0/plugins/com.st.stm32cube.ide.mcu.externaltools.gnu-tools-for-stm32.10.3-2021.10.linux64_1.0.100.202210260954/tools/bin/../lib/gcc/arm-none-eabi/10.3.1/thumb/v7e-m+fp/hard/crti.o
[...]
Memory Configuration

Name             Origin             Length             Attributes
RAM              0x0000000020000000 0x0000000000020000 xrw
FLASH            0x0000000008000000 0x0000000000080000 xr
*default*        0x0000000000000000 0xffffffffffffffff

Linker script and memory map

LOAD /opt/st/stm32cubeide_1.11.0/plugins/com.st.stm32cube.ide.mcu.externaltools.gnu-tools-for-stm32.10.3-2021.10.linux64_1.0.100.202210260954/tools/bin/../lib/gcc/arm-none-eabi/10.3.1/thumb/v7e-m+fp/hard/crti.o
LOAD /opt/st/stm32cubeide_1.11.0/plugins/com.st.stm32cube.ide.mcu.externaltools.gnu-tools-for-stm32.10.3-2021.10.linux64_1.0.100.202210260954/tools/bin/../lib/gcc/arm-none-eabi/10.3.1/thumb/v7e-m+fp/hard/crtbegin.o
LOAD /opt/st/stm32cubeide_1.11.0/plugins/com.st.stm32cube.ide.mcu.externaltools.gnu-tools-for-stm32.10.3-2021.10.linux64_1.0.100.202210260954/tools/bin/../lib/gcc/arm-none-eabi/10.3.1/../../../../arm-none-eabi/lib/thumb/v7e-m+fp/hard/crt0.o
LOAD ./Core/Src/main.o
LOAD ./Core/Src/stm32f4xx_hal_msp.o
LOAD ./Core/Src/stm32f4xx_hal_timebase_tim.o
LOAD ./Core/Src/stm32f4xx_it.o
LOAD ./Core/Src/syscalls.o
LOAD ./Core/Src/sysmem.o
LOAD ./Core/Src/system_stm32f4xx.o
LOAD ./Core/Startup/startup_stm32f446retx.o
LOAD ./Drivers/STM32F4xx_HAL_Driver/Src/stm32f4xx_hal.o
LOAD ./Drivers/STM32F4xx_HAL_Driver/Src/stm32f4xx_hal_cortex.o
LOAD ./Drivers/STM32F4xx_HAL_Driver/Src/stm32f4xx_hal_dma.o
LOAD ./Drivers/STM32F4xx_HAL_Driver/Src/stm32f4xx_hal_dma_ex.o
LOAD ./Drivers/STM32F4xx_HAL_Driver/Src/stm32f4xx_hal_exti.o
LOAD ./Drivers/STM32F4xx_HAL_Driver/Src/stm32f4xx_hal_flash.o
LOAD ./Drivers/STM32F4xx_HAL_Driver/Src/stm32f4xx_hal_flash_ex.o
LOAD ./Drivers/STM32F4xx_HAL_Driver/Src/stm32f4xx_hal_flash_ramfunc.o
LOAD ./Drivers/STM32F4xx_HAL_Driver/Src/stm32f4xx_hal_gpio.o
LOAD ./Drivers/STM32F4xx_HAL_Driver/Src/stm32f4xx_hal_pwr.o
LOAD ./Drivers/STM32F4xx_HAL_Driver/Src/stm32f4xx_hal_pwr_ex.o
LOAD ./Drivers/STM32F4xx_HAL_Driver/Src/stm32f4xx_hal_rcc.o
LOAD ./Drivers/STM32F4xx_HAL_Driver/Src/stm32f4xx_hal_rcc_ex.o
LOAD ./Drivers/STM32F4xx_HAL_Driver/Src/stm32f4xx_hal_tim.o
LOAD ./Drivers/STM32F4xx_HAL_Driver/Src/stm32f4xx_hal_tim_ex.o
LOAD ./Drivers/STM32F4xx_HAL_Driver/Src/stm32f4xx_hal_uart.o
LOAD ./ThirdParty/FreeRTOS/croutine.o
LOAD ./ThirdParty/FreeRTOS/event_groups.o
LOAD ./ThirdParty/FreeRTOS/list.o
LOAD ./ThirdParty/FreeRTOS/queue.o
LOAD ./ThirdParty/FreeRTOS/stream_buffer.o
LOAD ./ThirdParty/FreeRTOS/tasks.o
LOAD ./ThirdParty/FreeRTOS/timers.o
LOAD ./ThirdParty/FreeRTOS/portable/GCC/ARM_CM4F/port.o
LOAD ./ThirdParty/FreeRTOS/portable/MemMang/heap_4.o
START GROUP
LOAD /opt/st/stm32cubeide_1.11.0/plugins/com.st.stm32cube.ide.mcu.externaltools.gnu-tools-for-stm32.10.3-2021.10.linux64_1.0.100.202210260954/tools/bin/../lib/gcc/arm-none-eabi/10.3.1/../../../../arm-none-eabi/lib/thumb/v7e-m+fp/hard/libc_nano.a
LOAD /opt/st/stm32cubeide_1.11.0/plugins/com.st.stm32cube.ide.mcu.externaltools.gnu-tools-for-stm32.10.3-2021.10.linux64_1.0.100.202210260954/tools/bin/../lib/gcc/arm-none-eabi/10.3.1/../../../../arm-none-eabi/lib/thumb/v7e-m+fp/hard/libm.a
END GROUP
START GROUP
LOAD /opt/st/stm32cubeide_1.11.0/plugins/com.st.stm32cube.ide.mcu.externaltools.gnu-tools-for-stm32.10.3-2021.10.linux64_1.0.100.202210260954/tools/bin/../lib/gcc/arm-none-eabi/10.3.1/thumb/v7e-m+fp/hard/libgcc.a
LOAD /opt/st/stm32cubeide_1.11.0/plugins/com.st.stm32cube.ide.mcu.externaltools.gnu-tools-for-stm32.10.3-2021.10.linux64_1.0.100.202210260954/tools/bin/../lib/gcc/arm-none-eabi/10.3.1/../../../../arm-none-eabi/lib/thumb/v7e-m+fp/hard/libc_nano.a
END GROUP
START GROUP
LOAD /opt/st/stm32cubeide_1.11.0/plugins/com.st.stm32cube.ide.mcu.externaltools.gnu-tools-for-stm32.10.3-2021.10.linux64_1.0.100.202210260954/tools/bin/../lib/gcc/arm-none-eabi/10.3.1/thumb/v7e-m+fp/hard/libgcc.a
LOAD /opt/st/stm32cubeide_1.11.0/plugins/com.st.stm32cube.ide.mcu.externaltools.gnu-tools-for-stm32.10.3-2021.10.linux64_1.0.100.202210260954/tools/bin/../lib/gcc/arm-none-eabi/10.3.1/../../../../arm-none-eabi/lib/thumb/v7e-m+fp/hard/libc_nano.a
LOAD /opt/st/stm32cubeide_1.11.0/plugins/com.st.stm32cube.ide.mcu.externaltools.gnu-tools-for-stm32.10.3-2021.10.linux64_1.0.100.202210260954/tools/bin/../lib/gcc/arm-none-eabi/10.3.1/../../../../arm-none-eabi/lib/thumb/v7e-m+fp/hard/libnosys.a
END GROUP
START GROUP
LOAD /opt/st/stm32cubeide_1.11.0/plugins/com.st.stm32cube.ide.mcu.externaltools.gnu-tools-for-stm32.10.3-2021.10.linux64_1.0.100.202210260954/tools/bin/../lib/gcc/arm-none-eabi/10.3.1/thumb/v7e-m+fp/hard/libgcc.a
LOAD /opt/st/stm32cubeide_1.11.0/plugins/com.st.stm32cube.ide.mcu.externaltools.gnu-tools-for-stm32.10.3-2021.10.linux64_1.0.100.202210260954/tools/bin/../lib/gcc/arm-none-eabi/10.3.1/../../../../arm-none-eabi/lib/thumb/v7e-m+fp/hard/libc_nano.a
LOAD /opt/st/stm32cubeide_1.11.0/plugins/com.st.stm32cube.ide.mcu.externaltools.gnu-tools-for-stm32.10.3-2021.10.linux64_1.0.100.202210260954/tools/bin/../lib/gcc/arm-none-eabi/10.3.1/../../../../arm-none-eabi/lib/thumb/v7e-m+fp/hard/libnosys.a
END GROUP
LOAD /opt/st/stm32cubeide_1.11.0/plugins/com.st.stm32cube.ide.mcu.externaltools.gnu-tools-for-stm32.10.3-2021.10.linux64_1.0.100.202210260954/tools/bin/../lib/gcc/arm-none-eabi/10.3.1/thumb/v7e-m+fp/hard/crtend.o
LOAD /opt/st/stm32cubeide_1.11.0/plugins/com.st.stm32cube.ide.mcu.externaltools.gnu-tools-for-stm32.10.3-2021.10.linux64_1.0.100.202210260954/tools/bin/../lib/gcc/arm-none-eabi/10.3.1/thumb/v7e-m+fp/hard/crtn.o
                0x0000000020020000                _estack = (ORIGIN (RAM) + LENGTH (RAM))
                0x0000000000000200                _Min_Heap_Size = 0x200
                0x0000000000000400                _Min_Stack_Size = 0x400

.isr_vector     0x0000000008000000      0x1c4
                0x0000000008000000                . = ALIGN (0x4)
 *(.isr_vector)
 .isr_vector    0x0000000008000000      0x1c4 ./Core/Startup/startup_stm32f446retx.o
                0x0000000008000000                g_pfnVectors
                0x00000000080001c4                . = ALIGN (0x4)

.text           0x00000000080001d0     0x5858
                0x00000000080001d0                . = ALIGN (0x4)
 *(.text)
 .text          0x00000000080001d0       0x40 /opt/st/stm32cubeide_1.11.0/plugins/com.st.stm32cube.ide.mcu.externaltools.gnu-tools-for-stm32.10.3-2021.10.linux64_1.0.100.202210260954/tools/bin/../lib/gcc/arm-none-eabi/10.3.1/thumb/v7e-m+fp/hard/crtbegin.o
 .text          0x0000000008000210       0x10 /opt/st/stm32cubeide_1.11.0/plugins/com.st.stm32cube.ide.mcu.externaltools.gnu-tools-for-stm32.10.3-2021.10.linux64_1.0.100.202210260954/tools/bin/../lib/gcc/arm-none-eabi/10.3.1/../../../../arm-none-eabi/lib/thumb/v7e-m+fp/hard/libc_nano.a(lib_a-strlen.o)
                0x0000000008000210                strlen
 .text          0x0000000008000220       0x30 /opt/st/stm32cubeide_1.11.0/plugins/com.st.stm32cube.ide.mcu.externaltools.gnu-tools-for-stm32.10.3-2021.10.linux64_1.0.100.202210260954/tools/bin/../lib/gcc/arm-none-eabi/10.3.1/thumb/v7e-m+fp/hard/libgcc.a(_aeabi_uldivmod.o)
                0x0000000008000220                __aeabi_uldivmod
 .text          0x0000000008000250      0x2d0 /opt/st/stm32cubeide_1.11.0/plugins/com.st.stm32cube.ide.mcu.externaltools.gnu-tools-for-stm32.10.3-2021.10.linux64_1.0.100.202210260954/tools/bin/../lib/gcc/arm-none-eabi/10.3.1/thumb/v7e-m+fp/hard/libgcc.a(_udivmoddi4.o)
                0x0000000008000250                __udivmoddi4
 .text          0x0000000008000520        0x4 /opt/st/stm32cubeide_1.11.0/plugins/com.st.stm32cube.ide.mcu.externaltools.gnu-tools-for-stm32.10.3-2021.10.linux64_1.0.100.202210260954/tools/bin/../lib/gcc/arm-none-eabi/10.3.1/thumb/v7e-m+fp/hard/libgcc.a(_dvmd_tls.o)
                0x0000000008000520                __aeabi_ldiv0
                0x0000000008000520                __aeabi_idiv0
 *(.text*)
 .text.main     0x0000000008000524       0x88 ./Core/Src/main.o
                0x0000000008000524                main
 .text.SystemClock_Config
                0x00000000080005ac       0xdc ./Core/Src/main.o
                0x00000000080005ac                SystemClock_Config
 .text.MX_USART2_UART_Init
                0x0000000008000688       0x54 ./Core/Src/main.o
 .text.MX_GPIO_Init
                0x00000000080006dc       0xdc ./Core/Src/main.o
 .text.Task1    0x00000000080007b8       0x78 ./Core/Src/main.o
                0x00000000080007b8                Task1
 .text.Task2    0x0000000008000830       0x78 ./Core/Src/main.o
                0x0000000008000830                Task2
 .text.HAL_TIM_PeriodElapsedCallback
                0x00000000080008a8       0x24 ./Core/Src/main.o
                0x00000000080008a8                HAL_TIM_PeriodElapsedCallback
 .text.Error_Handler
                0x00000000080008cc        0xa ./Core/Src/main.o
                0x00000000080008cc                Error_Handler
 *fill*         0x00000000080008d6        0x2 
 .text.HAL_MspInit
                0x00000000080008d8       0x50 ./Core/Src/stm32f4xx_hal_msp.o
                0x00000000080008d8                HAL_MspInit
 .text.HAL_UART_MspInit
                0x0000000008000928       0x90 ./Core/Src/stm32f4xx_hal_msp.o
                0x0000000008000928                HAL_UART_MspInit
 .text.HAL_InitTick
                0x00000000080009b8       0xf8 ./Core/Src/stm32f4xx_hal_timebase_tim.o
                0x00000000080009b8                HAL_InitTick
 .text.NMI_Handler
                0x0000000008000ab0        0x6 ./Core/Src/stm32f4xx_it.o
                0x0000000008000ab0                NMI_Handler
 .text.HardFault_Handler
                0x0000000008000ab6        0x6 ./Core/Src/stm32f4xx_it.o
                0x0000000008000ab6                HardFault_Handler
 .text.MemManage_Handler
                0x0000000008000abc        0x6 ./Core/Src/stm32f4xx_it.o
                0x0000000008000abc                MemManage_Handler
 .text.BusFault_Handler
                0x0000000008000ac2        0x6 ./Core/Src/stm32f4xx_it.o
                0x0000000008000ac2                BusFault_Handler
 .text.UsageFault_Handler
                0x0000000008000ac8        0x6 ./Core/Src/stm32f4xx_it.o
                0x0000000008000ac8                UsageFault_Handler
 .text.DebugMon_Handler
                0x0000000008000ace        0xe ./Core/Src/stm32f4xx_it.o
                0x0000000008000ace                DebugMon_Handler
 .text.TIM6_DAC_IRQHandler
                0x0000000008000adc       0x14 ./Core/Src/stm32f4xx_it.o
                0x0000000008000adc                TIM6_DAC_IRQHandler
 .text.SystemInit
                0x0000000008000af0       0x24 ./Core/Src/system_stm32f4xx.o
                0x0000000008000af0                SystemInit
 .text.Reset_Handler
                0x0000000008000b14       0x50 ./Core/Startup/startup_stm32f446retx.o
                0x0000000008000b14                Reset_Handler
 .text.Default_Handler
                0x0000000008000b64        0x2 ./Core/Startup/startup_stm32f446retx.o
                0x0000000008000b64                RTC_Alarm_IRQHandler
                0x0000000008000b64                EXTI2_IRQHandler
                0x0000000008000b64                TIM8_CC_IRQHandler
                0x0000000008000b64                FMPI2C1_EV_IRQHandler
                0x0000000008000b64                SPI4_IRQHandler
                0x0000000008000b64                TIM1_CC_IRQHandler
                0x0000000008000b64                DMA2_Stream5_IRQHandler
                0x0000000008000b64                DMA1_Stream5_IRQHandler
                0x0000000008000b64                PVD_IRQHandler
                0x0000000008000b64                SDIO_IRQHandler
                0x0000000008000b64                TAMP_STAMP_IRQHandler
                0x0000000008000b64                CAN2_RX1_IRQHandler
                0x0000000008000b64                EXTI3_IRQHandler
                0x0000000008000b64                TIM8_TRG_COM_TIM14_IRQHandler
                0x0000000008000b64                TIM1_UP_TIM10_IRQHandler
                0x0000000008000b64                TIM8_UP_TIM13_IRQHandler
                0x0000000008000b64                I2C3_ER_IRQHandler
                0x0000000008000b64                EXTI0_IRQHandler
                0x0000000008000b64                I2C2_EV_IRQHandler
                0x0000000008000b64                DMA1_Stream2_IRQHandler
                0x0000000008000b64                CAN1_RX0_IRQHandler
                0x0000000008000b64                FPU_IRQHandler
                0x0000000008000b64                OTG_HS_WKUP_IRQHandler
                0x0000000008000b64                CAN2_SCE_IRQHandler
                0x0000000008000b64                DMA2_Stream2_IRQHandler
                0x0000000008000b64                SPI1_IRQHandler
                0x0000000008000b64                TIM1_BRK_TIM9_IRQHandler
                0x0000000008000b64                DCMI_IRQHandler
                0x0000000008000b64                CAN2_RX0_IRQHandler
                0x0000000008000b64                DMA2_Stream3_IRQHandler
                0x0000000008000b64                SAI2_IRQHandler
                0x0000000008000b64                USART6_IRQHandler
                0x0000000008000b64                USART3_IRQHandler
                0x0000000008000b64                CAN1_RX1_IRQHandler
                0x0000000008000b64                UART5_IRQHandler
                0x0000000008000b64                DMA2_Stream0_IRQHandler
                0x0000000008000b64                TIM4_IRQHandler
                0x0000000008000b64                QUADSPI_IRQHandler
                0x0000000008000b64                I2C1_EV_IRQHandler
                0x0000000008000b64                DMA1_Stream6_IRQHandler
                0x0000000008000b64                DMA1_Stream1_IRQHandler
                0x0000000008000b64                UART4_IRQHandler
                0x0000000008000b64                TIM3_IRQHandler
                0x0000000008000b64                RCC_IRQHandler
                0x0000000008000b64                TIM8_BRK_TIM12_IRQHandler
                0x0000000008000b64                Default_Handler
                0x0000000008000b64                CEC_IRQHandler
                0x0000000008000b64                EXTI15_10_IRQHandler
                0x0000000008000b64                ADC_IRQHandler
                0x0000000008000b64                DMA1_Stream7_IRQHandler
                0x0000000008000b64                TIM7_IRQHandler
                0x0000000008000b64                CAN2_TX_IRQHandler
                0x0000000008000b64                TIM5_IRQHandler
                0x0000000008000b64                DMA2_Stream7_IRQHandler
                0x0000000008000b64                I2C3_EV_IRQHandler
                0x0000000008000b64                EXTI9_5_IRQHandler
                0x0000000008000b64                RTC_WKUP_IRQHandler
                0x0000000008000b64                SPDIF_RX_IRQHandler
                0x0000000008000b64                SPI2_IRQHandler
                0x0000000008000b64                OTG_HS_EP1_IN_IRQHandler
                0x0000000008000b64                DMA1_Stream0_IRQHandler
                0x0000000008000b64                CAN1_TX_IRQHandler
                0x0000000008000b64                FMPI2C1_ER_IRQHandler
                0x0000000008000b64                EXTI4_IRQHandler
                0x0000000008000b64                OTG_HS_EP1_OUT_IRQHandler
                0x0000000008000b64                WWDG_IRQHandler
                0x0000000008000b64                TIM2_IRQHandler
                0x0000000008000b64                OTG_FS_WKUP_IRQHandler
                0x0000000008000b64                TIM1_TRG_COM_TIM11_IRQHandler
                0x0000000008000b64                OTG_HS_IRQHandler
                0x0000000008000b64                EXTI1_IRQHandler
                0x0000000008000b64                USART2_IRQHandler
                0x0000000008000b64                I2C2_ER_IRQHandler
                0x0000000008000b64                DMA2_Stream1_IRQHandler
                0x0000000008000b64                CAN1_SCE_IRQHandler
                0x0000000008000b64                FLASH_IRQHandler
                0x0000000008000b64                DMA2_Stream4_IRQHandler
                0x0000000008000b64                USART1_IRQHandler
                0x0000000008000b64                OTG_FS_IRQHandler
                0x0000000008000b64                SPI3_IRQHandler
                0x0000000008000b64                DMA1_Stream4_IRQHandler
                0x0000000008000b64                I2C1_ER_IRQHandler
                0x0000000008000b64                FMC_IRQHandler
                0x0000000008000b64                DMA2_Stream6_IRQHandler
                0x0000000008000b64                SAI1_IRQHandler
                0x0000000008000b64                DMA1_Stream3_IRQHandler
 *fill*         0x0000000008000b66        0x2 
 .text.HAL_Init
                0x0000000008000b68       0x44 ./Drivers/STM32F4xx_HAL_Driver/Src/stm32f4xx_hal.o
                0x0000000008000b68                HAL_Init
 .text.HAL_IncTick
                0x0000000008000bac       0x28 ./Drivers/STM32F4xx_HAL_Driver/Src/stm32f4xx_hal.o
                0x0000000008000bac                HAL_IncTick
 .text.HAL_GetTick
                0x0000000008000bd4       0x18 ./Drivers/STM32F4xx_HAL_Driver/Src/stm32f4xx_hal.o
                0x0000000008000bd4                HAL_GetTick
 .text.__NVIC_SetPriorityGrouping
                0x0000000008000bec       0x48 ./Drivers/STM32F4xx_HAL_Driver/Src/stm32f4xx_hal_cortex.o
 .text.__NVIC_GetPriorityGrouping
                0x0000000008000c34       0x1c ./Drivers/STM32F4xx_HAL_Driver/Src/stm32f4xx_hal_cortex.o
 .text.__NVIC_EnableIRQ
                0x0000000008000c50       0x3c ./Drivers/STM32F4xx_HAL_Driver/Src/stm32f4xx_hal_cortex.o
 .text.__NVIC_SetPriority
                0x0000000008000c8c       0x54 ./Drivers/STM32F4xx_HAL_Driver/Src/stm32f4xx_hal_cortex.o
 .text.NVIC_EncodePriority
                0x0000000008000ce0       0x66 ./Drivers/STM32F4xx_HAL_Driver/Src/stm32f4xx_hal_cortex.o
 .text.HAL_NVIC_SetPriorityGrouping
                0x0000000008000d46       0x16 ./Drivers/STM32F4xx_HAL_Driver/Src/stm32f4xx_hal_cortex.o
                0x0000000008000d46                HAL_NVIC_SetPriorityGrouping
 .text.HAL_NVIC_SetPriority
                0x0000000008000d5c       0x38 ./Drivers/STM32F4xx_HAL_Driver/Src/stm32f4xx_hal_cortex.o
                0x0000000008000d5c                HAL_NVIC_SetPriority
 .text.HAL_NVIC_EnableIRQ
                0x0000000008000d94       0x1c ./Drivers/STM32F4xx_HAL_Driver/Src/stm32f4xx_hal_cortex.o
                0x0000000008000d94                HAL_NVIC_EnableIRQ
 .text.HAL_GPIO_Init
                0x0000000008000db0      0x328 ./Drivers/STM32F4xx_HAL_Driver/Src/stm32f4xx_hal_gpio.o
                0x0000000008000db0                HAL_GPIO_Init
 .text.HAL_GPIO_WritePin
                0x00000000080010d8       0x32 ./Drivers/STM32F4xx_HAL_Driver/Src/stm32f4xx_hal_gpio.o
                0x00000000080010d8                HAL_GPIO_WritePin
 *fill*         0x000000000800110a        0x2 
 .text.HAL_RCC_ClockConfig
                0x000000000800110c      0x1cc ./Drivers/STM32F4xx_HAL_Driver/Src/stm32f4xx_hal_rcc.o
                0x000000000800110c                HAL_RCC_ClockConfig
 .text.HAL_RCC_GetHCLKFreq
                0x00000000080012d8       0x18 ./Drivers/STM32F4xx_HAL_Driver/Src/stm32f4xx_hal_rcc.o
                0x00000000080012d8                HAL_RCC_GetHCLKFreq
 .text.HAL_RCC_GetPCLK1Freq
                0x00000000080012f0       0x28 ./Drivers/STM32F4xx_HAL_Driver/Src/stm32f4xx_hal_rcc.o
                0x00000000080012f0                HAL_RCC_GetPCLK1Freq
 .text.HAL_RCC_GetPCLK2Freq
                0x0000000008001318       0x28 ./Drivers/STM32F4xx_HAL_Driver/Src/stm32f4xx_hal_rcc.o
                0x0000000008001318                HAL_RCC_GetPCLK2Freq
 .text.HAL_RCC_GetClockConfig
                0x0000000008001340       0x64 ./Drivers/STM32F4xx_HAL_Driver/Src/stm32f4xx_hal_rcc.o
                0x0000000008001340                HAL_RCC_GetClockConfig
 .text.HAL_RCC_GetSysClockFreq
                0x00000000080013a4      0x460 ./Drivers/STM32F4xx_HAL_Driver/Src/stm32f4xx_hal_rcc_ex.o
                0x00000000080013a4                HAL_RCC_GetSysClockFreq
 .text.HAL_RCC_OscConfig
                0x0000000008001804      0x53c ./Drivers/STM32F4xx_HAL_Driver/Src/stm32f4xx_hal_rcc_ex.o
                0x0000000008001804                HAL_RCC_OscConfig
 .text.HAL_TIM_Base_Init
                0x0000000008001d40       0x9e ./Drivers/STM32F4xx_HAL_Driver/Src/stm32f4xx_hal_tim.o
                0x0000000008001d40                HAL_TIM_Base_Init
 .text.HAL_TIM_Base_MspInit
                0x0000000008001dde       0x14 ./Drivers/STM32F4xx_HAL_Driver/Src/stm32f4xx_hal_tim.o
                0x0000000008001dde                HAL_TIM_Base_MspInit
 *fill*         0x0000000008001df2        0x2 
 .text.HAL_TIM_Base_Start_IT
                0x0000000008001df4       0xe0 ./Drivers/STM32F4xx_HAL_Driver/Src/stm32f4xx_hal_tim.o
                0x0000000008001df4                HAL_TIM_Base_Start_IT
 .text.HAL_TIM_IRQHandler
                0x0000000008001ed4      0x210 ./Drivers/STM32F4xx_HAL_Driver/Src/stm32f4xx_hal_tim.o
                0x0000000008001ed4                HAL_TIM_IRQHandler
 .text.HAL_TIM_OC_DelayElapsedCallback
                0x00000000080020e4       0x14 ./Drivers/STM32F4xx_HAL_Driver/Src/stm32f4xx_hal_tim.o
                0x00000000080020e4                HAL_TIM_OC_DelayElapsedCallback
 .text.HAL_TIM_IC_CaptureCallback
                0x00000000080020f8       0x14 ./Drivers/STM32F4xx_HAL_Driver/Src/stm32f4xx_hal_tim.o
                0x00000000080020f8                HAL_TIM_IC_CaptureCallback
 .text.HAL_TIM_PWM_PulseFinishedCallback
                0x000000000800210c       0x14 ./Drivers/STM32F4xx_HAL_Driver/Src/stm32f4xx_hal_tim.o
                0x000000000800210c                HAL_TIM_PWM_PulseFinishedCallback
 .text.HAL_TIM_TriggerCallback
                0x0000000008002120       0x14 ./Drivers/STM32F4xx_HAL_Driver/Src/stm32f4xx_hal_tim.o
                0x0000000008002120                HAL_TIM_TriggerCallback
 .text.TIM_Base_SetConfig
                0x0000000008002134      0x140 ./Drivers/STM32F4xx_HAL_Driver/Src/stm32f4xx_hal_tim.o
                0x0000000008002134                TIM_Base_SetConfig
 .text.HAL_TIMEx_CommutCallback
                0x0000000008002274       0x14 ./Drivers/STM32F4xx_HAL_Driver/Src/stm32f4xx_hal_tim_ex.o
                0x0000000008002274                HAL_TIMEx_CommutCallback
 .text.HAL_TIMEx_BreakCallback
                0x0000000008002288       0x14 ./Drivers/STM32F4xx_HAL_Driver/Src/stm32f4xx_hal_tim_ex.o
                0x0000000008002288                HAL_TIMEx_BreakCallback
 .text.HAL_UART_Init
                0x000000000800229c       0x9a ./Drivers/STM32F4xx_HAL_Driver/Src/stm32f4xx_hal_uart.o
                0x000000000800229c                HAL_UART_Init
 .text.HAL_UART_Transmit
                0x0000000008002336      0x124 ./Drivers/STM32F4xx_HAL_Driver/Src/stm32f4xx_hal_uart.o
                0x0000000008002336                HAL_UART_Transmit
 .text.UART_WaitOnFlagUntilTimeout
                0x000000000800245a       0xdc ./Drivers/STM32F4xx_HAL_Driver/Src/stm32f4xx_hal_uart.o
 *fill*         0x0000000008002536        0x2 
 .text.UART_SetConfig
                0x0000000008002538      0x4e8 ./Drivers/STM32F4xx_HAL_Driver/Src/stm32f4xx_hal_uart.o
 .text.vListInitialise
                0x0000000008002a20       0x40 ./ThirdParty/FreeRTOS/list.o
                0x0000000008002a20                vListInitialise
 .text.vListInitialiseItem
                0x0000000008002a60       0x1a ./ThirdParty/FreeRTOS/list.o
                0x0000000008002a60                vListInitialiseItem
 .text.vListInsert
                0x0000000008002a7a       0x72 ./ThirdParty/FreeRTOS/list.o
                0x0000000008002a7a                vListInsert
 .text.uxListRemove
                0x0000000008002aec       0x54 ./ThirdParty/FreeRTOS/list.o
                0x0000000008002aec                uxListRemove
 .text.xQueueGenericReset
                0x0000000008002b40      0x120 ./ThirdParty/FreeRTOS/queue.o
                0x0000000008002b40                xQueueGenericReset
 .text.xQueueGenericCreate
                0x0000000008002c60       0x9c ./ThirdParty/FreeRTOS/queue.o
                0x0000000008002c60                xQueueGenericCreate
 .text.prvInitialiseNewQueue
                0x0000000008002cfc       0x46 ./ThirdParty/FreeRTOS/queue.o
 .text.prvInitialiseMutex
                0x0000000008002d42       0x34 ./ThirdParty/FreeRTOS/queue.o
 .text.xQueueCreateMutex
                0x0000000008002d76       0x30 ./ThirdParty/FreeRTOS/queue.o
                0x0000000008002d76                xQueueCreateMutex
 *fill*         0x0000000008002da6        0x2 
 .text.xQueueGenericSend
                0x0000000008002da8      0x1fc ./ThirdParty/FreeRTOS/queue.o
                0x0000000008002da8                xQueueGenericSend
 .text.xQueueReceive
                0x0000000008002fa4      0x1c0 ./ThirdParty/FreeRTOS/queue.o
                0x0000000008002fa4                xQueueReceive
 .text.xQueueSemaphoreTake
                0x0000000008003164      0x1fc ./ThirdParty/FreeRTOS/queue.o
                0x0000000008003164                xQueueSemaphoreTake
 .text.prvGetDisinheritPriorityAfterTimeout
                0x0000000008003360       0x30 ./ThirdParty/FreeRTOS/queue.o
 .text.prvCopyDataToQueue
                0x0000000008003390       0xd4 ./ThirdParty/FreeRTOS/queue.o
 .text.prvCopyDataFromQueue
                0x0000000008003464       0x4c ./ThirdParty/FreeRTOS/queue.o
 .text.prvUnlockQueue
                0x00000000080034b0       0xa4 ./ThirdParty/FreeRTOS/queue.o
 .text.prvIsQueueEmpty
                0x0000000008003554       0x2c ./ThirdParty/FreeRTOS/queue.o
 .text.prvIsQueueFull
                0x0000000008003580       0x30 ./ThirdParty/FreeRTOS/queue.o
 .text.vQueueAddToRegistry
                0x00000000080035b0       0x9c ./ThirdParty/FreeRTOS/queue.o
                0x00000000080035b0                vQueueAddToRegistry
 .text.vQueueWaitForMessageRestricted
                0x000000000800364c       0x68 ./ThirdParty/FreeRTOS/queue.o
                0x000000000800364c                vQueueWaitForMessageRestricted
 .text.prvCreateTask
                0x00000000080036b4       0x78 ./ThirdParty/FreeRTOS/tasks.o
 .text.xTaskCreate
                0x000000000800372c       0x46 ./ThirdParty/FreeRTOS/tasks.o
                0x000000000800372c                xTaskCreate
 .text.prvInitialiseNewTask
                0x0000000008003772      0x11c ./ThirdParty/FreeRTOS/tasks.o
 *fill*         0x000000000800388e        0x2 
 .text.prvAddNewTaskToReadyList
                0x0000000008003890      0x130 ./ThirdParty/FreeRTOS/tasks.o
 .text.vTaskDelay
                0x00000000080039c0       0x68 ./ThirdParty/FreeRTOS/tasks.o
                0x00000000080039c0                vTaskDelay
 .text.prvCreateIdleTasks
                0x0000000008003a28       0x94 ./ThirdParty/FreeRTOS/tasks.o
 .text.vTaskStartScheduler
                0x0000000008003abc       0x88 ./ThirdParty/FreeRTOS/tasks.o
                0x0000000008003abc                vTaskStartScheduler
 .text.vTaskSuspendAll
                0x0000000008003b44       0x1c ./ThirdParty/FreeRTOS/tasks.o
                0x0000000008003b44                vTaskSuspendAll
 .text.xTaskResumeAll
                0x0000000008003b60      0x210 ./ThirdParty/FreeRTOS/tasks.o
                0x0000000008003b60                xTaskResumeAll
 .text.xTaskGetTickCount
                0x0000000008003d70       0x20 ./ThirdParty/FreeRTOS/tasks.o
                0x0000000008003d70                xTaskGetTickCount
 .text.xTaskIncrementTick
                0x0000000008003d90      0x230 ./ThirdParty/FreeRTOS/tasks.o
                0x0000000008003d90                xTaskIncrementTick
 .text.vTaskSwitchContext
                0x0000000008003fc0       0xb8 ./ThirdParty/FreeRTOS/tasks.o
                0x0000000008003fc0                vTaskSwitchContext
 .text.vTaskPlaceOnEventList
                0x0000000008004078       0x48 ./ThirdParty/FreeRTOS/tasks.o
                0x0000000008004078                vTaskPlaceOnEventList
 .text.vTaskPlaceOnEventListRestricted
                0x00000000080040c0       0x8c ./ThirdParty/FreeRTOS/tasks.o
                0x00000000080040c0                vTaskPlaceOnEventListRestricted
 .text.xTaskRemoveFromEventList
                0x000000000800414c      0x1b0 ./ThirdParty/FreeRTOS/tasks.o
                0x000000000800414c                xTaskRemoveFromEventList
 .text.vTaskInternalSetTimeOutState
                0x00000000080042fc       0x2c ./ThirdParty/FreeRTOS/tasks.o
                0x00000000080042fc                vTaskInternalSetTimeOutState
 .text.xTaskCheckForTimeOut
                0x0000000008004328       0xcc ./ThirdParty/FreeRTOS/tasks.o
                0x0000000008004328                xTaskCheckForTimeOut
 .text.vTaskMissedYield
                0x00000000080043f4       0x18 ./ThirdParty/FreeRTOS/tasks.o
                0x00000000080043f4                vTaskMissedYield
 .text.prvIdleTask
                0x000000000800440c       0x30 ./ThirdParty/FreeRTOS/tasks.o
 .text.prvInitialiseTaskLists
                0x000000000800443c       0x80 ./ThirdParty/FreeRTOS/tasks.o
 .text.prvCheckTasksWaitingTermination
                0x00000000080044bc       0x5c ./ThirdParty/FreeRTOS/tasks.o
 .text.prvDeleteTCB
                0x0000000008004518       0x20 ./ThirdParty/FreeRTOS/tasks.o
 .text.prvResetNextTaskUnblockTime
                0x0000000008004538       0x38 ./ThirdParty/FreeRTOS/tasks.o
 .text.xTaskGetSchedulerState
                0x0000000008004570       0x3c ./ThirdParty/FreeRTOS/tasks.o
                0x0000000008004570                xTaskGetSchedulerState
 .text.xTaskPriorityInherit
                0x00000000080045ac      0x140 ./ThirdParty/FreeRTOS/tasks.o
                0x00000000080045ac                xTaskPriorityInherit
 .text.xTaskPriorityDisinherit
                0x00000000080046ec      0x14c ./ThirdParty/FreeRTOS/tasks.o
                0x00000000080046ec                xTaskPriorityDisinherit
 .text.vTaskPriorityDisinheritAfterTimeout
                0x0000000008004838      0x174 ./ThirdParty/FreeRTOS/tasks.o
                0x0000000008004838                vTaskPriorityDisinheritAfterTimeout
 .text.pvTaskIncrementMutexHeldCount
                0x00000000080049ac       0x30 ./ThirdParty/FreeRTOS/tasks.o
                0x00000000080049ac                pvTaskIncrementMutexHeldCount
 .text.prvAddCurrentTaskToDelayedList
                0x00000000080049dc      0x104 ./ThirdParty/FreeRTOS/tasks.o
 .text.xTimerCreateTimerTask
                0x0000000008004ae0       0x64 ./ThirdParty/FreeRTOS/timers.o
                0x0000000008004ae0                xTimerCreateTimerTask
 .text.prvReloadTimer
                0x0000000008004b44       0x42 ./ThirdParty/FreeRTOS/timers.o
 *fill*         0x0000000008004b86        0x2 
 .text.prvProcessExpiredTimer
                0x0000000008004b88       0x60 ./ThirdParty/FreeRTOS/timers.o
 .text.prvTimerTask
                0x0000000008004be8       0x24 ./ThirdParty/FreeRTOS/timers.o
 .text.prvProcessTimerOrBlockTask
                0x0000000008004c0c       0x9c ./ThirdParty/FreeRTOS/timers.o
 .text.prvGetNextExpireTime
                0x0000000008004ca8       0x48 ./ThirdParty/FreeRTOS/timers.o
 .text.prvSampleTimeNow
                0x0000000008004cf0       0x40 ./ThirdParty/FreeRTOS/timers.o
 .text.prvInsertTimerInActiveList
                0x0000000008004d30       0x84 ./ThirdParty/FreeRTOS/timers.o
 .text.prvProcessReceivedCommands
                0x0000000008004db4      0x188 ./ThirdParty/FreeRTOS/timers.o
 .text.prvSwitchTimerLists
                0x0000000008004f3c       0x4c ./ThirdParty/FreeRTOS/timers.o
 .text.prvCheckForValidListAndQueue
                0x0000000008004f88       0x6c ./ThirdParty/FreeRTOS/timers.o
 .text.pxPortInitialiseStack
                0x0000000008004ff4       0x68 ./ThirdParty/FreeRTOS/portable/GCC/ARM_CM4F/port.o
                0x0000000008004ff4                pxPortInitialiseStack
 .text.prvTaskExitError
                0x000000000800505c       0x58 ./ThirdParty/FreeRTOS/portable/GCC/ARM_CM4F/port.o
 *fill*         0x00000000080050b4        0xc 
 .text.SVC_Handler
                0x00000000080050c0       0x28 ./ThirdParty/FreeRTOS/portable/GCC/ARM_CM4F/port.o
                0x00000000080050c0                SVC_Handler
 .text.prvPortStartFirstTask
                0x00000000080050e8       0x2c ./ThirdParty/FreeRTOS/portable/GCC/ARM_CM4F/port.o
 .text.xPortStartScheduler
                0x0000000008005114      0x1d4 ./ThirdParty/FreeRTOS/portable/GCC/ARM_CM4F/port.o
                0x0000000008005114                xPortStartScheduler
 .text.vPortEnterCritical
                0x00000000080052e8       0x60 ./ThirdParty/FreeRTOS/portable/GCC/ARM_CM4F/port.o
                0x00000000080052e8                vPortEnterCritical
 .text.vPortExitCritical
                0x0000000008005348       0x54 ./ThirdParty/FreeRTOS/portable/GCC/ARM_CM4F/port.o
                0x0000000008005348                vPortExitCritical
 *fill*         0x000000000800539c        0x4 
 .text.PendSV_Handler
                0x00000000080053a0       0x68 ./ThirdParty/FreeRTOS/portable/GCC/ARM_CM4F/port.o
                0x00000000080053a0                PendSV_Handler
 .text.SysTick_Handler
                0x0000000008005408       0x44 ./ThirdParty/FreeRTOS/portable/GCC/ARM_CM4F/port.o
                0x0000000008005408                SysTick_Handler
 .text.vPortSetupTimerInterrupt
                0x000000000800544c       0x48 ./ThirdParty/FreeRTOS/portable/GCC/ARM_CM4F/port.o
                0x000000000800544c                vPortSetupTimerInterrupt
 .text.vPortEnableVFP
                0x0000000008005494       0x18 ./ThirdParty/FreeRTOS/portable/GCC/ARM_CM4F/port.o
 .text.pvPortMalloc
                0x00000000080054ac      0x258 ./ThirdParty/FreeRTOS/portable/MemMang/heap_4.o
                0x00000000080054ac                pvPortMalloc
 .text.vPortFree
                0x0000000008005704       0xf0 ./ThirdParty/FreeRTOS/portable/MemMang/heap_4.o
                0x0000000008005704                vPortFree
 .text.prvHeapInit
                0x00000000080057f4       0xb4 ./ThirdParty/FreeRTOS/portable/MemMang/heap_4.o
 .text.prvInsertBlockIntoFreeList
                0x00000000080058a8       0xf4 ./ThirdParty/FreeRTOS/portable/MemMang/heap_4.o
 .text.__libc_init_array
                0x000000000800599c       0x48 /opt/st/stm32cubeide_1.11.0/plugins/com.st.stm32cube.ide.mcu.externaltools.gnu-tools-for-stm32.10.3-2021.10.linux64_1.0.100.202210260954/tools/bin/../lib/gcc/arm-none-eabi/10.3.1/../../../../arm-none-eabi/lib/thumb/v7e-m+fp/hard/libc_nano.a(lib_a-init.o)
                0x000000000800599c                __libc_init_array
 .text.memcpy   0x00000000080059e4       0x1c /opt/st/stm32cubeide_1.11.0/plugins/com.st.stm32cube.ide.mcu.externaltools.gnu-tools-for-stm32.10.3-2021.10.linux64_1.0.100.202210260954/tools/bin/../lib/gcc/arm-none-eabi/10.3.1/../../../../arm-none-eabi/lib/thumb/v7e-m+fp/hard/libc_nano.a(lib_a-memcpy-stub.o)
                0x00000000080059e4                memcpy
 .text.memset   0x0000000008005a00       0x10 /opt/st/stm32cubeide_1.11.0/plugins/com.st.stm32cube.ide.mcu.externaltools.gnu-tools-for-stm32.10.3-2021.10.linux64_1.0.100.202210260954/tools/bin/../lib/gcc/arm-none-eabi/10.3.1/../../../../arm-none-eabi/lib/thumb/v7e-m+fp/hard/libc_nano.a(lib_a-memset.o)
                0x0000000008005a00                memset
 *(.glue_7)
 .glue_7        0x0000000008005a10        0x0 linker stubs
 *(.glue_7t)
 .glue_7t       0x0000000008005a10        0x0 linker stubs
 *(.eh_frame)
 .eh_frame      0x0000000008005a10        0x0 /opt/st/stm32cubeide_1.11.0/plugins/com.st.stm32cube.ide.mcu.externaltools.gnu-tools-for-stm32.10.3-2021.10.linux64_1.0.100.202210260954/tools/bin/../lib/gcc/arm-none-eabi/10.3.1/thumb/v7e-m+fp/hard/crtbegin.o
 *(.init)
 .init          0x0000000008005a10        0x4 /opt/st/stm32cubeide_1.11.0/plugins/com.st.stm32cube.ide.mcu.externaltools.gnu-tools-for-stm32.10.3-2021.10.linux64_1.0.100.202210260954/tools/bin/../lib/gcc/arm-none-eabi/10.3.1/thumb/v7e-m+fp/hard/crti.o
                0x0000000008005a10                _init
 .init          0x0000000008005a14        0x8 /opt/st/stm32cubeide_1.11.0/plugins/com.st.stm32cube.ide.mcu.externaltools.gnu-tools-for-stm32.10.3-2021.10.linux64_1.0.100.202210260954/tools/bin/../lib/gcc/arm-none-eabi/10.3.1/thumb/v7e-m+fp/hard/crtn.o
 *(.fini)
 .fini          0x0000000008005a1c        0x4 /opt/st/stm32cubeide_1.11.0/plugins/com.st.stm32cube.ide.mcu.externaltools.gnu-tools-for-stm32.10.3-2021.10.linux64_1.0.100.202210260954/tools/bin/../lib/gcc/arm-none-eabi/10.3.1/thumb/v7e-m+fp/hard/crti.o
                0x0000000008005a1c                _fini
 .fini          0x0000000008005a20        0x8 /opt/st/stm32cubeide_1.11.0/plugins/com.st.stm32cube.ide.mcu.externaltools.gnu-tools-for-stm32.10.3-2021.10.linux64_1.0.100.202210260954/tools/bin/../lib/gcc/arm-none-eabi/10.3.1/thumb/v7e-m+fp/hard/crtn.o
                0x0000000008005a28                . = ALIGN (0x4)
                0x0000000008005a28                _etext = .

.vfp11_veneer   0x0000000008005a28        0x0
 .vfp11_veneer  0x0000000008005a28        0x0 linker stubs

.v4_bx          0x0000000008005a28        0x0
 .v4_bx         0x0000000008005a28        0x0 linker stubs

.iplt           0x0000000008005a28        0x0
 .iplt          0x0000000008005a28        0x0 /opt/st/stm32cubeide_1.11.0/plugins/com.st.stm32cube.ide.mcu.externaltools.gnu-tools-for-stm32.10.3-2021.10.linux64_1.0.100.202210260954/tools/bin/../lib/gcc/arm-none-eabi/10.3.1/thumb/v7e-m+fp/hard/crtbegin.o

.rodata         0x0000000008005a28       0x70
                0x0000000008005a28                . = ALIGN (0x4)
 *(.rodata)
 .rodata        0x0000000008005a28       0x3f ./Core/Src/main.o
 *fill*         0x0000000008005a67        0x1 
 .rodata        0x0000000008005a68        0x5 ./ThirdParty/FreeRTOS/tasks.o
 *fill*         0x0000000008005a6d        0x3 
 .rodata        0x0000000008005a70        0xd ./ThirdParty/FreeRTOS/timers.o
 *(.rodata*)
 *fill*         0x0000000008005a7d        0x3 
 .rodata.AHBPrescTable
                0x0000000008005a80       0x10 ./Core/Src/system_stm32f4xx.o
                0x0000000008005a80                AHBPrescTable
 .rodata.APBPrescTable
                0x0000000008005a90        0x8 ./Core/Src/system_stm32f4xx.o
                0x0000000008005a90                APBPrescTable
                0x0000000008005a98                . = ALIGN (0x4)

.ARM.extab      0x0000000008005a98        0x0
                0x0000000008005a98                . = ALIGN (0x4)
 *(.ARM.extab* .gnu.linkonce.armextab.*)
                0x0000000008005a98                . = ALIGN (0x4)

.ARM            0x0000000008005a98        0x8
                0x0000000008005a98                . = ALIGN (0x4)
                0x0000000008005a98                __exidx_start = .
 *(.ARM.exidx*)
 .ARM.exidx     0x0000000008005a98        0x8 /opt/st/stm32cubeide_1.11.0/plugins/com.st.stm32cube.ide.mcu.externaltools.gnu-tools-for-stm32.10.3-2021.10.linux64_1.0.100.202210260954/tools/bin/../lib/gcc/arm-none-eabi/10.3.1/thumb/v7e-m+fp/hard/libgcc.a(_udivmoddi4.o)
                0x0000000008005aa0                __exidx_end = .
                0x0000000008005aa0                . = ALIGN (0x4)

.rel.dyn        0x0000000008005aa0        0x0
 .rel.iplt      0x0000000008005aa0        0x0 /opt/st/stm32cubeide_1.11.0/plugins/com.st.stm32cube.ide.mcu.externaltools.gnu-tools-for-stm32.10.3-2021.10.linux64_1.0.100.202210260954/tools/bin/../lib/gcc/arm-none-eabi/10.3.1/thumb/v7e-m+fp/hard/crtbegin.o

.preinit_array  0x0000000008005aa0        0x0
                0x0000000008005aa0                . = ALIGN (0x4)
                0x0000000008005aa0                PROVIDE (__preinit_array_start = .)
 *(.preinit_array*)
                0x0000000008005aa0                PROVIDE (__preinit_array_end = .)
                0x0000000008005aa0                . = ALIGN (0x4)

.init_array     0x0000000008005aa0        0x4
                0x0000000008005aa0                . = ALIGN (0x4)
                0x0000000008005aa0                PROVIDE (__init_array_start = .)
 *(SORT_BY_NAME(.init_array.*))
 *(.init_array*)
 .init_array    0x0000000008005aa0        0x4 /opt/st/stm32cubeide_1.11.0/plugins/com.st.stm32cube.ide.mcu.externaltools.gnu-tools-for-stm32.10.3-2021.10.linux64_1.0.100.202210260954/tools/bin/../lib/gcc/arm-none-eabi/10.3.1/thumb/v7e-m+fp/hard/crtbegin.o
                0x0000000008005aa4                PROVIDE (__init_array_end = .)
                0x0000000008005aa4                . = ALIGN (0x4)

.fini_array     0x0000000008005aa4        0x4
                0x0000000008005aa4                . = ALIGN (0x4)
                [!provide]                        PROVIDE (__fini_array_start = .)
 *(SORT_BY_NAME(.fini_array.*))
 *(.fini_array*)
 .fini_array    0x0000000008005aa4        0x4 /opt/st/stm32cubeide_1.11.0/plugins/com.st.stm32cube.ide.mcu.externaltools.gnu-tools-for-stm32.10.3-2021.10.linux64_1.0.100.202210260954/tools/bin/../lib/gcc/arm-none-eabi/10.3.1/thumb/v7e-m+fp/hard/crtbegin.o
                [!provide]                        PROVIDE (__fini_array_end = .)
                0x0000000008005aa8                . = ALIGN (0x4)
                0x0000000008005aa8                _sidata = LOADADDR (.data)

.data           0x0000000020000000       0x14 load address 0x0000000008005aa8
                0x0000000020000000                . = ALIGN (0x4)
                0x0000000020000000                _sdata = .
 *(.data)
 *(.data*)
 .data.SystemCoreClock
                0x0000000020000000        0x4 ./Core/Src/system_stm32f4xx.o
                0x0000000020000000                SystemCoreClock
 .data.uwTickPrio
                0x0000000020000004        0x4 ./Drivers/STM32F4xx_HAL_Driver/Src/stm32f4xx_hal.o
                0x0000000020000004                uwTickPrio
 .data.uwTickFreq
                0x0000000020000008        0x1 ./Drivers/STM32F4xx_HAL_Driver/Src/stm32f4xx_hal.o
                0x0000000020000008                uwTickFreq
 *fill*         0x0000000020000009        0x3 
 .data.uxTopUsedPriority
                0x000000002000000c        0x4 ./ThirdParty/FreeRTOS/tasks.o
 .data.uxCriticalNesting
                0x0000000020000010        0x4 ./ThirdParty/FreeRTOS/portable/GCC/ARM_CM4F/port.o
 *(.RamFunc)
 *(.RamFunc*)
                0x0000000020000014                . = ALIGN (0x4)
                0x0000000020000014                _edata = .

.igot.plt       0x0000000020000014        0x0 load address 0x0000000008005abc
 .igot.plt      0x0000000020000014        0x0 /opt/st/stm32cubeide_1.11.0/plugins/com.st.stm32cube.ide.mcu.externaltools.gnu-tools-for-stm32.10.3-2021.10.linux64_1.0.100.202210260954/tools/bin/../lib/gcc/arm-none-eabi/10.3.1/thumb/v7e-m+fp/hard/crtbegin.o
                0x0000000020000014                . = ALIGN (0x4)

.bss            0x0000000020000014    0x12e54 load address 0x0000000008005abc
                0x0000000020000014                _sbss = .
                0x0000000020000014                __bss_start__ = _sbss
 *(.bss)
 .bss           0x0000000020000014       0x1c /opt/st/stm32cubeide_1.11.0/plugins/com.st.stm32cube.ide.mcu.externaltools.gnu-tools-for-stm32.10.3-2021.10.linux64_1.0.100.202210260954/tools/bin/../lib/gcc/arm-none-eabi/10.3.1/thumb/v7e-m+fp/hard/crtbegin.o
 *(.bss*)
 .bss.huart2    0x0000000020000030       0x44 ./Core/Src/main.o
                0x0000000020000030                huart2
 .bss.uartMutex
                0x0000000020000074        0x4 ./Core/Src/main.o
                0x0000000020000074                uartMutex
 .bss.htim6     0x0000000020000078       0x48 ./Core/Src/stm32f4xx_hal_timebase_tim.o
                0x0000000020000078                htim6
 .bss.uwTick    0x00000000200000c0        0x4 ./Drivers/STM32F4xx_HAL_Driver/Src/stm32f4xx_hal.o
                0x00000000200000c0                uwTick
 .bss.xQueueRegistry
                0x00000000200000c4       0x40 ./ThirdParty/FreeRTOS/queue.o
                0x00000000200000c4                xQueueRegistry
 .bss.pxCurrentTCB
                0x0000000020000104        0x4 ./ThirdParty/FreeRTOS/tasks.o
                0x0000000020000104                pxCurrentTCB
 .bss.pxReadyTasksLists
                0x0000000020000108       0x64 ./ThirdParty/FreeRTOS/tasks.o
 .bss.xDelayedTaskList1
                0x000000002000016c       0x14 ./ThirdParty/FreeRTOS/tasks.o
 .bss.xDelayedTaskList2
                0x0000000020000180       0x14 ./ThirdParty/FreeRTOS/tasks.o
 .bss.pxDelayedTaskList
                0x0000000020000194        0x4 ./ThirdParty/FreeRTOS/tasks.o
 .bss.pxOverflowDelayedTaskList
                0x0000000020000198        0x4 ./ThirdParty/FreeRTOS/tasks.o
 .bss.xPendingReadyList
                0x000000002000019c       0x14 ./ThirdParty/FreeRTOS/tasks.o
 .bss.xTasksWaitingTermination
                0x00000000200001b0       0x14 ./ThirdParty/FreeRTOS/tasks.o
 .bss.uxDeletedTasksWaitingCleanUp
                0x00000000200001c4        0x4 ./ThirdParty/FreeRTOS/tasks.o
 .bss.xSuspendedTaskList
                0x00000000200001c8       0x14 ./ThirdParty/FreeRTOS/tasks.o
 .bss.uxCurrentNumberOfTasks
                0x00000000200001dc        0x4 ./ThirdParty/FreeRTOS/tasks.o
 .bss.xTickCount
                0x00000000200001e0        0x4 ./ThirdParty/FreeRTOS/tasks.o
 .bss.uxTopReadyPriority
                0x00000000200001e4        0x4 ./ThirdParty/FreeRTOS/tasks.o
 .bss.xSchedulerRunning
                0x00000000200001e8        0x4 ./ThirdParty/FreeRTOS/tasks.o
 .bss.xPendedTicks
                0x00000000200001ec        0x4 ./ThirdParty/FreeRTOS/tasks.o
 .bss.xYieldPendings
                0x00000000200001f0        0x4 ./ThirdParty/FreeRTOS/tasks.o
 .bss.xNumOfOverflows
                0x00000000200001f4        0x4 ./ThirdParty/FreeRTOS/tasks.o
 .bss.uxTaskNumber
                0x00000000200001f8        0x4 ./ThirdParty/FreeRTOS/tasks.o
 .bss.xNextTaskUnblockTime
                0x00000000200001fc        0x4 ./ThirdParty/FreeRTOS/tasks.o
 .bss.xIdleTaskHandles
                0x0000000020000200        0x4 ./ThirdParty/FreeRTOS/tasks.o
 .bss.uxSchedulerSuspended
                0x0000000020000204        0x4 ./ThirdParty/FreeRTOS/tasks.o
 .bss.xActiveTimerList1
                0x0000000020000208       0x14 ./ThirdParty/FreeRTOS/timers.o
 .bss.xActiveTimerList2
                0x000000002000021c       0x14 ./ThirdParty/FreeRTOS/timers.o
 .bss.pxCurrentTimerList
                0x0000000020000230        0x4 ./ThirdParty/FreeRTOS/timers.o
 .bss.pxOverflowTimerList
                0x0000000020000234        0x4 ./ThirdParty/FreeRTOS/timers.o
 .bss.xTimerQueue
                0x0000000020000238        0x4 ./ThirdParty/FreeRTOS/timers.o
 .bss.xTimerTaskHandle
                0x000000002000023c        0x4 ./ThirdParty/FreeRTOS/timers.o
 .bss.xLastTime.0
                0x0000000020000240        0x4 ./ThirdParty/FreeRTOS/timers.o
 .bss.ucMaxSysCallPriority
                0x0000000020000244        0x1 ./ThirdParty/FreeRTOS/portable/GCC/ARM_CM4F/port.o
 *fill*         0x0000000020000245        0x3 
 .bss.ulMaxPRIGROUPValue
                0x0000000020000248        0x4 ./ThirdParty/FreeRTOS/portable/GCC/ARM_CM4F/port.o
 .bss.ucHeap    0x000000002000024c    0x12c00 ./ThirdParty/FreeRTOS/portable/MemMang/heap_4.o
 .bss.xStart    0x0000000020012e4c        0x8 ./ThirdParty/FreeRTOS/portable/MemMang/heap_4.o
 .bss.pxEnd     0x0000000020012e54        0x4 ./ThirdParty/FreeRTOS/portable/MemMang/heap_4.o
 .bss.xFreeBytesRemaining
                0x0000000020012e58        0x4 ./ThirdParty/FreeRTOS/portable/MemMang/heap_4.o
 .bss.xMinimumEverFreeBytesRemaining
                0x0000000020012e5c        0x4 ./ThirdParty/FreeRTOS/portable/MemMang/heap_4.o
 .bss.xNumberOfSuccessfulAllocations
                0x0000000020012e60        0x4 ./ThirdParty/FreeRTOS/portable/MemMang/heap_4.o
 .bss.xNumberOfSuccessfulFrees
                0x0000000020012e64        0x4 ./ThirdParty/FreeRTOS/portable/MemMang/heap_4.o
 *(COMMON)
                0x0000000020012e68                . = ALIGN (0x4)
                0x0000000020012e68                _ebss = .
                0x0000000020012e68                __bss_end__ = _ebss

._user_heap_stack
                0x0000000020012e68      0x600 load address 0x0000000008005abc
                0x0000000020012e68                . = ALIGN (0x8)
                [!provide]                        PROVIDE (end = .)
                0x0000000020012e68                PROVIDE (_end = .)
                0x0000000020013068                . = (. + _Min_Heap_Size)
 *fill*         0x0000000020012e68      0x200 
                0x0000000020013468                . = (. + _Min_Stack_Size)
 *fill*         0x0000000020013068      0x400 
                0x0000000020013468                . = ALIGN (0x8)

/DISCARD/
 libc.a(*)
 libm.a(*)
 libgcc.a(*)

.ARM.attributes
                0x0000000000000000       0x30
 *(.ARM.attributes)
 .ARM.attributes
                0x0000000000000000       0x1e /opt/st/stm32cubeide_1.11.0/plugins/com.st.stm32cube.ide.mcu.externaltools.gnu-tools-for-stm32.10.3-2021.10.linux64_1.0.100.202210260954/tools/bin/../lib/gcc/arm-none-eabi/10.3.1/thumb/v7e-m+fp/hard/crti.o
 .ARM.attributes
                0x000000000000001e       0x34 /opt/st/stm32cubeide_1.11.0/plugins/com.st.stm32cube.ide.mcu.externaltools.gnu-tools-for-stm32.10.3-2021.10.linux64_1.0.100.202210260954/tools/bin/../lib/gcc/arm-none-eabi/10.3.1/thumb/v7e-m+fp/hard/crtbegin.o
 .ARM.attributes
                0x0000000000000052       0x34 ./Core/Src/main.o
 .ARM.attributes
                0x0000000000000086       0x34 ./Core/Src/stm32f4xx_hal_msp.o
 .ARM.attributes
                0x00000000000000ba       0x34 ./Core/Src/stm32f4xx_hal_timebase_tim.o
 .ARM.attributes
                0x00000000000000ee       0x34 ./Core/Src/stm32f4xx_it.o
 .ARM.attributes
                0x0000000000000122       0x34 ./Core/Src/system_stm32f4xx.o
 .ARM.attributes
                0x0000000000000156       0x21 ./Core/Startup/startup_stm32f446retx.o
 .ARM.attributes
                0x0000000000000177       0x34 ./Drivers/STM32F4xx_HAL_Driver/Src/stm32f4xx_hal.o
 .ARM.attributes
                0x00000000000001ab       0x34 ./Drivers/STM32F4xx_HAL_Driver/Src/stm32f4xx_hal_cortex.o
 .ARM.attributes
                0x00000000000001df       0x34 ./Drivers/STM32F4xx_HAL_Driver/Src/stm32f4xx_hal_gpio.o
 .ARM.attributes
                0x0000000000000213       0x34 ./Drivers/STM32F4xx_HAL_Driver/Src/stm32f4xx_hal_rcc.o
 .ARM.attributes
                0x0000000000000247       0x34 ./Drivers/STM32F4xx_HAL_Driver/Src/stm32f4xx_hal_rcc_ex.o
 .ARM.attributes
                0x000000000000027b       0x34 ./Drivers/STM32F4xx_HAL_Driver/Src/stm32f4xx_hal_tim.o
 .ARM.attributes
                0x00000000000002af       0x34 ./Drivers/STM32F4xx_HAL_Driver/Src/stm32f4xx_hal_tim_ex.o
 .ARM.attributes
                0x00000000000002e3       0x34 ./Drivers/STM32F4xx_HAL_Driver/Src/stm32f4xx_hal_uart.o
 .ARM.attributes
                0x0000000000000317       0x34 ./ThirdParty/FreeRTOS/list.o
 .ARM.attributes
                0x000000000000034b       0x34 ./ThirdParty/FreeRTOS/queue.o
 .ARM.attributes
                0x000000000000037f       0x34 ./ThirdParty/FreeRTOS/tasks.o
 .ARM.attributes
                0x00000000000003b3       0x34 ./ThirdParty/FreeRTOS/timers.o
 .ARM.attributes
                0x00000000000003e7       0x34 ./ThirdParty/FreeRTOS/portable/GCC/ARM_CM4F/port.o
 .ARM.attributes
                0x000000000000041b       0x34 ./ThirdParty/FreeRTOS/portable/MemMang/heap_4.o
 .ARM.attributes
                0x000000000000044f       0x34 /opt/st/stm32cubeide_1.11.0/plugins/com.st.stm32cube.ide.mcu.externaltools.gnu-tools-for-stm32.10.3-2021.10.linux64_1.0.100.202210260954/tools/bin/../lib/gcc/arm-none-eabi/10.3.1/../../../../arm-none-eabi/lib/thumb/v7e-m+fp/hard/libc_nano.a(lib_a-init.o)
 .ARM.attributes
                0x0000000000000483       0x34 /opt/st/stm32cubeide_1.11.0/plugins/com.st.stm32cube.ide.mcu.externaltools.gnu-tools-for-stm32.10.3-2021.10.linux64_1.0.100.202210260954/tools/bin/../lib/gcc/arm-none-eabi/10.3.1/../../../../arm-none-eabi/lib/thumb/v7e-m+fp/hard/libc_nano.a(lib_a-memcpy-stub.o)
 .ARM.attributes
                0x00000000000004b7       0x34 /opt/st/stm32cubeide_1.11.0/plugins/com.st.stm32cube.ide.mcu.externaltools.gnu-tools-for-stm32.10.3-2021.10.linux64_1.0.100.202210260954/tools/bin/../lib/gcc/arm-none-eabi/10.3.1/../../../../arm-none-eabi/lib/thumb/v7e-m+fp/hard/libc_nano.a(lib_a-memset.o)
 .ARM.attributes
                0x00000000000004eb       0x17 /opt/st/stm32cubeide_1.11.0/plugins/com.st.stm32cube.ide.mcu.externaltools.gnu-tools-for-stm32.10.3-2021.10.linux64_1.0.100.202210260954/tools/bin/../lib/gcc/arm-none-eabi/10.3.1/../../../../arm-none-eabi/lib/thumb/v7e-m+fp/hard/libc_nano.a(lib_a-strlen.o)
 .ARM.attributes
                0x0000000000000502       0x1e /opt/st/stm32cubeide_1.11.0/plugins/com.st.stm32cube.ide.mcu.externaltools.gnu-tools-for-stm32.10.3-2021.10.linux64_1.0.100.202210260954/tools/bin/../lib/gcc/arm-none-eabi/10.3.1/thumb/v7e-m+fp/hard/libgcc.a(_aeabi_uldivmod.o)
 .ARM.attributes
                0x0000000000000520       0x34 /opt/st/stm32cubeide_1.11.0/plugins/com.st.stm32cube.ide.mcu.externaltools.gnu-tools-for-stm32.10.3-2021.10.linux64_1.0.100.202210260954/tools/bin/../lib/gcc/arm-none-eabi/10.3.1/thumb/v7e-m+fp/hard/libgcc.a(_udivmoddi4.o)
 .ARM.attributes
                0x0000000000000554       0x1e /opt/st/stm32cubeide_1.11.0/plugins/com.st.stm32cube.ide.mcu.externaltools.gnu-tools-for-stm32.10.3-2021.10.linux64_1.0.100.202210260954/tools/bin/../lib/gcc/arm-none-eabi/10.3.1/thumb/v7e-m+fp/hard/libgcc.a(_dvmd_tls.o)
 .ARM.attributes
                0x0000000000000572       0x1e /opt/st/stm32cubeide_1.11.0/plugins/com.st.stm32cube.ide.mcu.externaltools.gnu-tools-for-stm32.10.3-2021.10.linux64_1.0.100.202210260954/tools/bin/../lib/gcc/arm-none-eabi/10.3.1/thumb/v7e-m+fp/hard/crtn.o
OUTPUT(FreeRTOS_Kernel_Mutexes.elf elf32-littlearm)
LOAD linker stubs
LOAD /opt/st/stm32cubeide_1.11.0/plugins/com.st.stm32cube.ide.mcu.externaltools.gnu-tools-for-stm32.10.3-2021.10.linux64_1.0.100.202210260954/tools/bin/../lib/gcc/arm-none-eabi/10.3.1/../../../../arm-none-eabi/lib/thumb/v7e-m+fp/hard/libc.a
LOAD /opt/st/stm32cubeide_1.11.0/plugins/com.st.stm32cube.ide.mcu.externaltools.gnu-tools-for-stm32.10.3-2021.10.linux64_1.0.100.202210260954/tools/bin/../lib/gcc/arm-none-eabi/10.3.1/../../../../arm-none-eabi/lib/thumb/v7e-m+fp/hard/libm.a
LOAD /opt/st/stm32cubeide_1.11.0/plugins/com.st.stm32cube.ide.mcu.externaltools.gnu-tools-for-stm32.10.3-2021.10.linux64_1.0.100.202210260954/tools/bin/../lib/gcc/arm-none-eabi/10.3.1/thumb/v7e-m+fp/hard/libgcc.a

.debug_info     0x0000000000000000    0x13d05
 .debug_info    0x0000000000000000     0x1272 ./Core/Src/main.o
 .debug_info    0x0000000000001272      0x9a3 ./Core/Src/stm32f4xx_hal_msp.o
 .debug_info    0x0000000000001c15      0xca1 ./Core/Src/stm32f4xx_hal_timebase_tim.o
 .debug_info    0x00000000000028b6      0x6f8 ./Core/Src/stm32f4xx_it.o
 .debug_info    0x0000000000002fae      0x55b ./Core/Src/system_stm32f4xx.o
 .debug_info    0x0000000000003509       0x22 ./Core/Startup/startup_stm32f446retx.o
 .debug_info    0x000000000000352b      0x9d2 ./Drivers/STM32F4xx_HAL_Driver/Src/stm32f4xx_hal.o
 .debug_info    0x0000000000003efd      0xe39 ./Drivers/STM32F4xx_HAL_Driver/Src/stm32f4xx_hal_cortex.o
 .debug_info    0x0000000000004d36      0x7be ./Drivers/STM32F4xx_HAL_Driver/Src/stm32f4xx_hal_gpio.o
 .debug_info    0x00000000000054f4      0x9ab ./Drivers/STM32F4xx_HAL_Driver/Src/stm32f4xx_hal_rcc.o
 .debug_info    0x0000000000005e9f      0x9ec ./Drivers/STM32F4xx_HAL_Driver/Src/stm32f4xx_hal_rcc_ex.o
 .debug_info    0x000000000000688b     0x2bbe ./Drivers/STM32F4xx_HAL_Driver/Src/stm32f4xx_hal_tim.o
 .debug_info    0x0000000000009449     0x15e0 ./Drivers/STM32F4xx_HAL_Driver/Src/stm32f4xx_hal_tim_ex.o
 .debug_info    0x000000000000aa29     0x31bc ./Drivers/STM32F4xx_HAL_Driver/Src/stm32f4xx_hal_uart.o
 .debug_info    0x000000000000dbe5      0x2cc ./ThirdParty/FreeRTOS/list.o
 .debug_info    0x000000000000deb1     0x19c3 ./ThirdParty/FreeRTOS/queue.o
 .debug_info    0x000000000000f874     0x2925 ./ThirdParty/FreeRTOS/tasks.o
 .debug_info    0x0000000000012199      0xfa3 ./ThirdParty/FreeRTOS/timers.o
 .debug_info    0x000000000001313c      0x5af ./ThirdParty/FreeRTOS/portable/GCC/ARM_CM4F/port.o
 .debug_info    0x00000000000136eb      0x61a ./ThirdParty/FreeRTOS/portable/MemMang/heap_4.o

.debug_abbrev   0x0000000000000000     0x2b97
 .debug_abbrev  0x0000000000000000      0x33b ./Core/Src/main.o
 .debug_abbrev  0x000000000000033b      0x19b ./Core/Src/stm32f4xx_hal_msp.o
 .debug_abbrev  0x00000000000004d6      0x1e6 ./Core/Src/stm32f4xx_hal_timebase_tim.o
 .debug_abbrev  0x00000000000006bc      0x171 ./Core/Src/stm32f4xx_it.o
 .debug_abbrev  0x000000000000082d      0x116 ./Core/Src/system_stm32f4xx.o
 .debug_abbrev  0x0000000000000943       0x12 ./Core/Startup/startup_stm32f446retx.o
 .debug_abbrev  0x0000000000000955      0x20d ./Drivers/STM32F4xx_HAL_Driver/Src/stm32f4xx_hal.o
 .debug_abbrev  0x0000000000000b62      0x316 ./Drivers/STM32F4xx_HAL_Driver/Src/stm32f4xx_hal_cortex.o
 .debug_abbrev  0x0000000000000e78      0x1c4 ./Drivers/STM32F4xx_HAL_Driver/Src/stm32f4xx_hal_gpio.o
 .debug_abbrev  0x000000000000103c      0x2aa ./Drivers/STM32F4xx_HAL_Driver/Src/stm32f4xx_hal_rcc.o
 .debug_abbrev  0x00000000000012e6      0x1fb ./Drivers/STM32F4xx_HAL_Driver/Src/stm32f4xx_hal_rcc_ex.o
 .debug_abbrev  0x00000000000014e1      0x25d ./Drivers/STM32F4xx_HAL_Driver/Src/stm32f4xx_hal_tim.o
 .debug_abbrev  0x000000000000173e      0x265 ./Drivers/STM32F4xx_HAL_Driver/Src/stm32f4xx_hal_tim_ex.o
 .debug_abbrev  0x00000000000019a3      0x2f4 ./Drivers/STM32F4xx_HAL_Driver/Src/stm32f4xx_hal_uart.o
 .debug_abbrev  0x0000000000001c97       0xeb ./ThirdParty/FreeRTOS/list.o
 .debug_abbrev  0x0000000000001d82      0x312 ./ThirdParty/FreeRTOS/queue.o
 .debug_abbrev  0x0000000000002094      0x384 ./ThirdParty/FreeRTOS/tasks.o
 .debug_abbrev  0x0000000000002418      0x2eb ./ThirdParty/FreeRTOS/timers.o
 .debug_abbrev  0x0000000000002703      0x246 ./ThirdParty/FreeRTOS/portable/GCC/ARM_CM4F/port.o
 .debug_abbrev  0x0000000000002949      0x24e ./ThirdParty/FreeRTOS/portable/MemMang/heap_4.o

.debug_aranges  0x0000000000000000     0x1178
 .debug_aranges
                0x0000000000000000       0x58 ./Core/Src/main.o
 .debug_aranges
                0x0000000000000058       0x30 ./Core/Src/stm32f4xx_hal_msp.o
 .debug_aranges
                0x0000000000000088       0x30 ./Core/Src/stm32f4xx_hal_timebase_tim.o
 .debug_aranges
                0x00000000000000b8       0x50 ./Core/Src/stm32f4xx_it.o
 .debug_aranges
                0x0000000000000108       0x28 ./Core/Src/system_stm32f4xx.o
 .debug_aranges
                0x0000000000000130       0x28 ./Core/Startup/startup_stm32f446retx.o
 .debug_aranges
                0x0000000000000158       0xf0 ./Drivers/STM32F4xx_HAL_Driver/Src/stm32f4xx_hal.o
 .debug_aranges
                0x0000000000000248      0x118 ./Drivers/STM32F4xx_HAL_Driver/Src/stm32f4xx_hal_cortex.o
 .debug_aranges
                0x0000000000000360       0x58 ./Drivers/STM32F4xx_HAL_Driver/Src/stm32f4xx_hal_gpio.o
 .debug_aranges
                0x00000000000003b8       0x88 ./Drivers/STM32F4xx_HAL_Driver/Src/stm32f4xx_hal_rcc.o
 .debug_aranges
                0x0000000000000440       0x78 ./Drivers/STM32F4xx_HAL_Driver/Src/stm32f4xx_hal_rcc_ex.o
 .debug_aranges
                0x00000000000004b8      0x3d0 ./Drivers/STM32F4xx_HAL_Driver/Src/stm32f4xx_hal_tim.o
 .debug_aranges
                0x0000000000000888      0x168 ./Drivers/STM32F4xx_HAL_Driver/Src/stm32f4xx_hal_tim_ex.o
 .debug_aranges
                0x00000000000009f0      0x200 ./Drivers/STM32F4xx_HAL_Driver/Src/stm32f4xx_hal_uart.o
 .debug_aranges
                0x0000000000000bf0       0x40 ./ThirdParty/FreeRTOS/list.o
 .debug_aranges
                0x0000000000000c30      0x140 ./ThirdParty/FreeRTOS/queue.o
 .debug_aranges
                0x0000000000000d70      0x228 ./ThirdParty/FreeRTOS/tasks.o
 .debug_aranges
                0x0000000000000f98       0xf8 ./ThirdParty/FreeRTOS/timers.o
 .debug_aranges
                0x0000000000001090       0x80 ./ThirdParty/FreeRTOS/portable/GCC/ARM_CM4F/port.o
 .debug_aranges
                0x0000000000001110       0x68 ./ThirdParty/FreeRTOS/portable/MemMang/heap_4.o

.debug_ranges   0x0000000000000000     0x1090
 .debug_ranges  0x0000000000000000       0x48 ./Core/Src/main.o
 .debug_ranges  0x0000000000000048       0x20 ./Core/Src/stm32f4xx_hal_msp.o
 .debug_ranges  0x0000000000000068       0x20 ./Core/Src/stm32f4xx_hal_timebase_tim.o
 .debug_ranges  0x0000000000000088       0x40 ./Core/Src/stm32f4xx_it.o
 .debug_ranges  0x00000000000000c8       0x18 ./Core/Src/system_stm32f4xx.o
 .debug_ranges  0x00000000000000e0       0x20 ./Core/Startup/startup_stm32f446retx.o
 .debug_ranges  0x0000000000000100       0xe0 ./Drivers/STM32F4xx_HAL_Driver/Src/stm32f4xx_hal.o
 .debug_ranges  0x00000000000001e0      0x108 ./Drivers/STM32F4xx_HAL_Driver/Src/stm32f4xx_hal_cortex.o
 .debug_ranges  0x00000000000002e8       0x48 ./Drivers/STM32F4xx_HAL_Driver/Src/stm32f4xx_hal_gpio.o
 .debug_ranges  0x0000000000000330       0x78 ./Drivers/STM32F4xx_HAL_Driver/Src/stm32f4xx_hal_rcc.o
 .debug_ranges  0x00000000000003a8       0x68 ./Drivers/STM32F4xx_HAL_Driver/Src/stm32f4xx_hal_rcc_ex.o
 .debug_ranges  0x0000000000000410      0x3c0 ./Drivers/STM32F4xx_HAL_Driver/Src/stm32f4xx_hal_tim.o
 .debug_ranges  0x00000000000007d0      0x158 ./Drivers/STM32F4xx_HAL_Driver/Src/stm32f4xx_hal_tim_ex.o
 .debug_ranges  0x0000000000000928      0x220 ./Drivers/STM32F4xx_HAL_Driver/Src/stm32f4xx_hal_uart.o
 .debug_ranges  0x0000000000000b48       0x30 ./ThirdParty/FreeRTOS/list.o
 .debug_ranges  0x0000000000000b78      0x130 ./ThirdParty/FreeRTOS/queue.o
 .debug_ranges  0x0000000000000ca8      0x238 ./ThirdParty/FreeRTOS/tasks.o
 .debug_ranges  0x0000000000000ee0       0xe8 ./ThirdParty/FreeRTOS/timers.o
 .debug_ranges  0x0000000000000fc8       0x70 ./ThirdParty/FreeRTOS/portable/GCC/ARM_CM4F/port.o
 .debug_ranges  0x0000000000001038       0x58 ./ThirdParty/FreeRTOS/portable/MemMang/heap_4.o

.debug_macro    0x0000000000000000    0x23e7c
 .debug_macro   0x0000000000000000      0x344 ./Core/Src/main.o
 .debug_macro   0x0000000000000344      0xa78 ./Core/Src/main.o
 .debug_macro   0x0000000000000dbc      0x29b ./Core/Src/main.o
 .debug_macro   0x0000000000001057       0x2e ./Core/Src/main.o
 .debug_macro   0x0000000000001085       0x28 ./Core/Src/main.o
 .debug_macro   0x00000000000010ad       0x22 ./Core/Src/main.o
 .debug_macro   0x00000000000010cf       0x8e ./Core/Src/main.o
 .debug_macro   0x000000000000115d       0x51 ./Core/Src/main.o
 .debug_macro   0x00000000000011ae      0x103 ./Core/Src/main.o
 .debug_macro   0x00000000000012b1       0x6a ./Core/Src/main.o
 .debug_macro   0x000000000000131b      0x1df ./Core/Src/main.o
 .debug_macro   0x00000000000014fa       0x1c ./Core/Src/main.o
 .debug_macro   0x0000000000001516       0x22 ./Core/Src/main.o
 .debug_macro   0x0000000000001538       0xd9 ./Core/Src/main.o
 .debug_macro   0x0000000000001611     0x102d ./Core/Src/main.o
 .debug_macro   0x000000000000263e      0x11f ./Core/Src/main.o
 .debug_macro   0x000000000000275d    0x16749 ./Core/Src/main.o
 .debug_macro   0x0000000000018ea6       0x6d ./Core/Src/main.o
 .debug_macro   0x0000000000018f13     0x367e ./Core/Src/main.o
 .debug_macro   0x000000000001c591      0x174 ./Core/Src/main.o
 .debug_macro   0x000000000001c705       0x5c ./Core/Src/main.o
 .debug_macro   0x000000000001c761      0xc90 ./Core/Src/main.o
 .debug_macro   0x000000000001d3f1      0x9fe ./Core/Src/main.o
 .debug_macro   0x000000000001ddef      0x115 ./Core/Src/main.o
 .debug_macro   0x000000000001df04      0x1a0 ./Core/Src/main.o
 .debug_macro   0x000000000001e0a4       0xa5 ./Core/Src/main.o
 .debug_macro   0x000000000001e149      0x16d ./Core/Src/main.o
 .debug_macro   0x000000000001e2b6      0x287 ./Core/Src/main.o
 .debug_macro   0x000000000001e53d       0x5f ./Core/Src/main.o
 .debug_macro   0x000000000001e59c      0x236 ./Core/Src/main.o
 .debug_macro   0x000000000001e7d2      0x132 ./Core/Src/main.o
 .debug_macro   0x000000000001e904      0x29c ./Core/Src/main.o
 .debug_macro   0x000000000001eba0       0x2e ./Core/Src/main.o
 .debug_macro   0x000000000001ebce      0x11a ./Core/Src/main.o
 .debug_macro   0x000000000001ece8       0xe8 ./Core/Src/main.o
 .debug_macro   0x000000000001edd0       0x89 ./Core/Src/main.o
 .debug_macro   0x000000000001ee59      0x8e6 ./Core/Src/main.o
 .debug_macro   0x000000000001f73f       0x4d ./Core/Src/main.o
 .debug_macro   0x000000000001f78c      0x295 ./Core/Src/main.o
 .debug_macro   0x000000000001fa21      0x126 ./Core/Src/main.o
 .debug_macro   0x000000000001fb47       0x58 ./Core/Src/main.o
 .debug_macro   0x000000000001fb9f       0x16 ./Core/Src/main.o
 .debug_macro   0x000000000001fbb5       0xfa ./Core/Src/main.o
 .debug_macro   0x000000000001fcaf       0x1c ./Core/Src/main.o
 .debug_macro   0x000000000001fccb      0x182 ./Core/Src/main.o
 .debug_macro   0x000000000001fe4d       0xee ./Core/Src/main.o
 .debug_macro   0x000000000001ff3b       0x2e ./Core/Src/main.o
 .debug_macro   0x000000000001ff69       0x1f ./Core/Src/main.o
 .debug_macro   0x000000000001ff88       0x12 ./Core/Src/main.o
 .debug_macro   0x000000000001ff9a     0x10ef ./Core/Src/main.o
 .debug_macro   0x0000000000021089       0xc3 ./Core/Src/main.o
 .debug_macro   0x000000000002114c      0x14f ./Core/Src/main.o
 .debug_macro   0x000000000002129b       0x80 ./Core/Src/main.o
 .debug_macro   0x000000000002131b       0x77 ./Core/Src/main.o
 .debug_macro   0x0000000000021392       0x52 ./Core/Src/main.o
 .debug_macro   0x00000000000213e4       0x1e ./Core/Src/main.o
 .debug_macro   0x0000000000021402       0x3c ./Core/Src/main.o
 .debug_macro   0x000000000002143e       0x34 ./Core/Src/main.o
 .debug_macro   0x0000000000021472       0x16 ./Core/Src/main.o
 .debug_macro   0x0000000000021488       0x43 ./Core/Src/main.o
 .debug_macro   0x00000000000214cb       0x34 ./Core/Src/main.o
 .debug_macro   0x00000000000214ff       0x10 ./Core/Src/main.o
 .debug_macro   0x000000000002150f       0x58 ./Core/Src/main.o
 .debug_macro   0x0000000000021567       0x71 ./Core/Src/main.o
 .debug_macro   0x00000000000215d8       0x1c ./Core/Src/main.o
 .debug_macro   0x00000000000215f4      0x12a ./Core/Src/main.o
 .debug_macro   0x000000000002171e      0x341 ./Core/Src/main.o
 .debug_macro   0x0000000000021a5f       0x10 ./Core/Src/main.o
 .debug_macro   0x0000000000021a6f       0x35 ./Core/Src/main.o
 .debug_macro   0x0000000000021aa4       0x20 ./Core/Src/main.o
 .debug_macro   0x0000000000021ac4      0x1dd ./Core/Src/stm32f4xx_hal_msp.o
 .debug_macro   0x0000000000021ca1      0x1ce ./Core/Src/stm32f4xx_hal_timebase_tim.o
 .debug_macro   0x0000000000021e6f      0x1e7 ./Core/Src/stm32f4xx_it.o
 .debug_macro   0x0000000000022056      0x1ce ./Core/Src/system_stm32f4xx.o
 .debug_macro   0x0000000000022224      0x22e ./Drivers/STM32F4xx_HAL_Driver/Src/stm32f4xx_hal.o
 .debug_macro   0x0000000000022452      0x1ce ./Drivers/STM32F4xx_HAL_Driver/Src/stm32f4xx_hal_cortex.o
 .debug_macro   0x0000000000022620      0x1d4 ./Drivers/STM32F4xx_HAL_Driver/Src/stm32f4xx_hal_gpio.o
 .debug_macro   0x00000000000227f4      0x1f2 ./Drivers/STM32F4xx_HAL_Driver/Src/stm32f4xx_hal_rcc.o
 .debug_macro   0x00000000000229e6      0x1ce ./Drivers/STM32F4xx_HAL_Driver/Src/stm32f4xx_hal_rcc_ex.o
 .debug_macro   0x0000000000022bb4      0x1cf ./Drivers/STM32F4xx_HAL_Driver/Src/stm32f4xx_hal_tim.o
 .debug_macro   0x0000000000022d83      0x1ce ./Drivers/STM32F4xx_HAL_Driver/Src/stm32f4xx_hal_tim_ex.o
 .debug_macro   0x0000000000022f51      0x1cf ./Drivers/STM32F4xx_HAL_Driver/Src/stm32f4xx_hal_uart.o
 .debug_macro   0x0000000000023120      0x1a2 ./ThirdParty/FreeRTOS/list.o
 .debug_macro   0x00000000000232c2      0x239 ./ThirdParty/FreeRTOS/queue.o
 .debug_macro   0x00000000000234fb       0x16 ./ThirdParty/FreeRTOS/queue.o
 .debug_macro   0x0000000000023511      0x2bf ./ThirdParty/FreeRTOS/tasks.o
 .debug_macro   0x00000000000237d0       0x17 ./ThirdParty/FreeRTOS/tasks.o
 .debug_macro   0x00000000000237e7      0x1f1 ./ThirdParty/FreeRTOS/timers.o
 .debug_macro   0x00000000000239d8       0x9e ./ThirdParty/FreeRTOS/timers.o
 .debug_macro   0x0000000000023a76      0x1cf ./ThirdParty/FreeRTOS/portable/GCC/ARM_CM4F/port.o
 .debug_macro   0x0000000000023c45      0x237 ./ThirdParty/FreeRTOS/portable/MemMang/heap_4.o

.debug_line     0x0000000000000000    0x1431c
 .debug_line    0x0000000000000000      0xb1a ./Core/Src/main.o
 .debug_line    0x0000000000000b1a      0x6ec ./Core/Src/stm32f4xx_hal_msp.o
 .debug_line    0x0000000000001206      0x719 ./Core/Src/stm32f4xx_hal_timebase_tim.o
 .debug_line    0x000000000000191f      0x73c ./Core/Src/stm32f4xx_it.o
 .debug_line    0x000000000000205b      0x721 ./Core/Src/system_stm32f4xx.o
 .debug_line    0x000000000000277c       0x88 ./Core/Startup/startup_stm32f446retx.o
 .debug_line    0x0000000000002804      0x987 ./Drivers/STM32F4xx_HAL_Driver/Src/stm32f4xx_hal.o
 .debug_line    0x000000000000318b      0xc36 ./Drivers/STM32F4xx_HAL_Driver/Src/stm32f4xx_hal_cortex.o
 .debug_line    0x0000000000003dc1      0xae7 ./Drivers/STM32F4xx_HAL_Driver/Src/stm32f4xx_hal_gpio.o
 .debug_line    0x00000000000048a8      0xd0f ./Drivers/STM32F4xx_HAL_Driver/Src/stm32f4xx_hal_rcc.o
 .debug_line    0x00000000000055b7     0x139a ./Drivers/STM32F4xx_HAL_Driver/Src/stm32f4xx_hal_rcc_ex.o
 .debug_line    0x0000000000006951     0x367b ./Drivers/STM32F4xx_HAL_Driver/Src/stm32f4xx_hal_tim.o
 .debug_line    0x0000000000009fcc     0x1984 ./Drivers/STM32F4xx_HAL_Driver/Src/stm32f4xx_hal_tim_ex.o
 .debug_line    0x000000000000b950     0x2a2c ./Drivers/STM32F4xx_HAL_Driver/Src/stm32f4xx_hal_uart.o
 .debug_line    0x000000000000e37c      0x760 ./ThirdParty/FreeRTOS/list.o
 .debug_line    0x000000000000eadc     0x1699 ./ThirdParty/FreeRTOS/queue.o
 .debug_line    0x0000000000010175     0x20be ./ThirdParty/FreeRTOS/tasks.o
 .debug_line    0x0000000000012233      0xd32 ./ThirdParty/FreeRTOS/timers.o
 .debug_line    0x0000000000012f65      0x8a6 ./ThirdParty/FreeRTOS/portable/GCC/ARM_CM4F/port.o
 .debug_line    0x000000000001380b      0xb11 ./ThirdParty/FreeRTOS/portable/MemMang/heap_4.o

.debug_str      0x0000000000000000    0xdf507
 .debug_str     0x0000000000000000    0xd7fc0 ./Core/Src/main.o
                                      0xd83a4 (size before relaxing)
 .debug_str     0x00000000000d7fc0       0x66 ./Core/Src/stm32f4xx_hal_msp.o
                                      0xc9666 (size before relaxing)
 .debug_str     0x00000000000d8026      0x63b ./Core/Src/stm32f4xx_hal_timebase_tim.o
                                      0xc9c31 (size before relaxing)
 .debug_str     0x00000000000d8661       0xb9 ./Core/Src/stm32f4xx_it.o
                                      0xc95fb (size before relaxing)
 .debug_str     0x00000000000d871a       0xdb ./Core/Src/system_stm32f4xx.o
                                      0xc90f9 (size before relaxing)
 .debug_str     0x00000000000d87f5       0x36 ./Core/Startup/startup_stm32f446retx.o
                                         0x77 (size before relaxing)
 .debug_str     0x00000000000d882b      0x5d3 ./Drivers/STM32F4xx_HAL_Driver/Src/stm32f4xx_hal.o
                                      0xc9cbe (size before relaxing)
 .debug_str     0x00000000000d8dfe      0x33a ./Drivers/STM32F4xx_HAL_Driver/Src/stm32f4xx_hal_cortex.o
                                      0xc99cc (size before relaxing)
 .debug_str     0x00000000000d9138      0x121 ./Drivers/STM32F4xx_HAL_Driver/Src/stm32f4xx_hal_gpio.o
                                      0xc9274 (size before relaxing)
 .debug_str     0x00000000000d9259      0x1f2 ./Drivers/STM32F4xx_HAL_Driver/Src/stm32f4xx_hal_rcc.o
                                      0xc9532 (size before relaxing)
 .debug_str     0x00000000000d944b      0x324 ./Drivers/STM32F4xx_HAL_Driver/Src/stm32f4xx_hal_rcc_ex.o
                                      0xc9565 (size before relaxing)
 .debug_str     0x00000000000d976f      0xe69 ./Drivers/STM32F4xx_HAL_Driver/Src/stm32f4xx_hal_tim.o
                                      0xca44e (size before relaxing)
 .debug_str     0x00000000000da5d8      0x503 ./Drivers/STM32F4xx_HAL_Driver/Src/stm32f4xx_hal_tim_ex.o
                                      0xc9c6a (size before relaxing)
 .debug_str     0x00000000000daadb      0x60a ./Drivers/STM32F4xx_HAL_Driver/Src/stm32f4xx_hal_uart.o
                                      0xc9aa7 (size before relaxing)
 .debug_str     0x00000000000db0e5      0x265 ./ThirdParty/FreeRTOS/list.o
                                      0x105bd (size before relaxing)
 .debug_str     0x00000000000db34a      0xcb0 ./ThirdParty/FreeRTOS/queue.o
                                      0x12f07 (size before relaxing)
 .debug_str     0x00000000000dbffa     0x2002 ./ThirdParty/FreeRTOS/tasks.o
                                      0x13e28 (size before relaxing)
 .debug_str     0x00000000000ddffc      0x539 ./ThirdParty/FreeRTOS/timers.o
                                      0x131ba (size before relaxing)
 .debug_str     0x00000000000de535      0x8cf ./ThirdParty/FreeRTOS/portable/GCC/ARM_CM4F/port.o
                                       0xf426 (size before relaxing)
 .debug_str     0x00000000000dee04      0x703 ./ThirdParty/FreeRTOS/portable/MemMang/heap_4.o
                                      0x12114 (size before relaxing)

.comment        0x0000000000000000       0x50
 .comment       0x0000000000000000       0x50 ./Core/Src/main.o
                                         0x51 (size before relaxing)
 .comment       0x0000000000000050       0x51 ./Core/Src/stm32f4xx_hal_msp.o
 .comment       0x0000000000000050       0x51 ./Core/Src/stm32f4xx_hal_timebase_tim.o
 .comment       0x0000000000000050       0x51 ./Core/Src/stm32f4xx_it.o
 .comment       0x0000000000000050       0x51 ./Core/Src/system_stm32f4xx.o
 .comment       0x0000000000000050       0x51 ./Drivers/STM32F4xx_HAL_Driver/Src/stm32f4xx_hal.o
 .comment       0x0000000000000050       0x51 ./Drivers/STM32F4xx_HAL_Driver/Src/stm32f4xx_hal_cortex.o
 .comment       0x0000000000000050       0x51 ./Drivers/STM32F4xx_HAL_Driver/Src/stm32f4xx_hal_gpio.o
 .comment       0x0000000000000050       0x51 ./Drivers/STM32F4xx_HAL_Driver/Src/stm32f4xx_hal_rcc.o
 .comment       0x0000000000000050       0x51 ./Drivers/STM32F4xx_HAL_Driver/Src/stm32f4xx_hal_rcc_ex.o
 .comment       0x0000000000000050       0x51 ./Drivers/STM32F4xx_HAL_Driver/Src/stm32f4xx_hal_tim.o
 .comment       0x0000000000000050       0x51 ./Drivers/STM32F4xx_HAL_Driver/Src/stm32f4xx_hal_tim_ex.o
 .comment       0x0000000000000050       0x51 ./Drivers/STM32F4xx_HAL_Driver/Src/stm32f4xx_hal_uart.o
 .comment       0x0000000000000050       0x51 ./ThirdParty/FreeRTOS/list.o
 .comment       0x0000000000000050       0x51 ./ThirdParty/FreeRTOS/queue.o
 .comment       0x0000000000000050       0x51 ./ThirdParty/FreeRTOS/tasks.o
 .comment       0x0000000000000050       0x51 ./ThirdParty/FreeRTOS/timers.o
 .comment       0x0000000000000050       0x51 ./ThirdParty/FreeRTOS/portable/GCC/ARM_CM4F/port.o
 .comment       0x0000000000000050       0x51 ./ThirdParty/FreeRTOS/portable/MemMang/heap_4.o

.debug_frame    0x0000000000000000     0x4964
 .debug_frame   0x0000000000000000      0x118 ./Core/Src/main.o
 .debug_frame   0x0000000000000118       0x80 ./Core/Src/stm32f4xx_hal_msp.o
 .debug_frame   0x0000000000000198       0x74 ./Core/Src/stm32f4xx_hal_timebase_tim.o
 .debug_frame   0x000000000000020c       0xc4 ./Core/Src/stm32f4xx_it.o
 .debug_frame   0x00000000000002d0       0x58 ./Core/Src/system_stm32f4xx.o
 .debug_frame   0x0000000000000328      0x374 ./Drivers/STM32F4xx_HAL_Driver/Src/stm32f4xx_hal.o
 .debug_frame   0x000000000000069c      0x498 ./Drivers/STM32F4xx_HAL_Driver/Src/stm32f4xx_hal_cortex.o
 .debug_frame   0x0000000000000b34      0x14c ./Drivers/STM32F4xx_HAL_Driver/Src/stm32f4xx_hal_gpio.o
 .debug_frame   0x0000000000000c80      0x1f4 ./Drivers/STM32F4xx_HAL_Driver/Src/stm32f4xx_hal_rcc.o
 .debug_frame   0x0000000000000e74      0x1e8 ./Drivers/STM32F4xx_HAL_Driver/Src/stm32f4xx_hal_rcc_ex.o
 .debug_frame   0x000000000000105c     0x11c4 ./Drivers/STM32F4xx_HAL_Driver/Src/stm32f4xx_hal_tim.o
 .debug_frame   0x0000000000002220      0x638 ./Drivers/STM32F4xx_HAL_Driver/Src/stm32f4xx_hal_tim_ex.o
 .debug_frame   0x0000000000002858      0x92c ./Drivers/STM32F4xx_HAL_Driver/Src/stm32f4xx_hal_uart.o
 .debug_frame   0x0000000000003184       0xd8 ./ThirdParty/FreeRTOS/list.o
 .debug_frame   0x000000000000325c      0x580 ./ThirdParty/FreeRTOS/queue.o
 .debug_frame   0x00000000000037dc      0x98c ./ThirdParty/FreeRTOS/tasks.o
 .debug_frame   0x0000000000004168      0x40c ./ThirdParty/FreeRTOS/timers.o
 .debug_frame   0x0000000000004574      0x1a8 ./ThirdParty/FreeRTOS/portable/GCC/ARM_CM4F/port.o
 .debug_frame   0x000000000000471c      0x174 ./ThirdParty/FreeRTOS/portable/MemMang/heap_4.o
 .debug_frame   0x0000000000004890       0x2c /opt/st/stm32cubeide_1.11.0/plugins/com.st.stm32cube.ide.mcu.externaltools.gnu-tools-for-stm32.10.3-2021.10.linux64_1.0.100.202210260954/tools/bin/../lib/gcc/arm-none-eabi/10.3.1/../../../../arm-none-eabi/lib/thumb/v7e-m+fp/hard/libc_nano.a(lib_a-init.o)
 .debug_frame   0x00000000000048bc       0x28 /opt/st/stm32cubeide_1.11.0/plugins/com.st.stm32cube.ide.mcu.externaltools.gnu-tools-for-stm32.10.3-2021.10.linux64_1.0.100.202210260954/tools/bin/../lib/gcc/arm-none-eabi/10.3.1/../../../../arm-none-eabi/lib/thumb/v7e-m+fp/hard/libc_nano.a(lib_a-memcpy-stub.o)
 .debug_frame   0x00000000000048e4       0x20 /opt/st/stm32cubeide_1.11.0/plugins/com.st.stm32cube.ide.mcu.externaltools.gnu-tools-for-stm32.10.3-2021.10.linux64_1.0.100.202210260954/tools/bin/../lib/gcc/arm-none-eabi/10.3.1/../../../../arm-none-eabi/lib/thumb/v7e-m+fp/hard/libc_nano.a(lib_a-memset.o)
 .debug_frame   0x0000000000004904       0x2c /opt/st/stm32cubeide_1.11.0/plugins/com.st.stm32cube.ide.mcu.externaltools.gnu-tools-for-stm32.10.3-2021.10.linux64_1.0.100.202210260954/tools/bin/../lib/gcc/arm-none-eabi/10.3.1/thumb/v7e-m+fp/hard/libgcc.a(_aeabi_uldivmod.o)
 .debug_frame   0x0000000000004930       0x34 /opt/st/stm32cubeide_1.11.0/plugins/com.st.stm32cube.ide.mcu.externaltools.gnu-tools-for-stm32.10.3-2021.10.linux64_1.0.100.202210260954/tools/bin/../lib/gcc/arm-none-eabi/10.3.1/thumb/v7e-m+fp/hard/libgcc.a(_udivmoddi4.o)
