../Core/Src/main.c:80:5:main	24	static,ignoring_inline_asm
../Core/Src/main.c:134:6:SystemClock_Config	88	static
../Core/Src/main.c:182:13:MX_USART2_UART_Init	8	static
../Core/Src/main.c:215:13:MX_GPIO_Init	48	static
../Core/Src/main.c:248:6:LED_Task	24	static
../Core/Src/main.c:262:6:UART_Task	80	static
../Core/Src/main.c:277:6:HAL_GPIO_EXTI_Callback	32	static,ignoring_inline_asm
../Core/Src/main.c:303:6:HAL_TIM_PeriodElapsedCallback	16	static
../Core/Src/main.c:320:6:Error_Handler	4	static,ignoring_inline_asm
