../Drivers/CMSIS/Include/core_cm4.h:2064:26:ITM_SendChar	16	static,ignoring_inline_asm
../Core/Src/main.c:92:5:main	16	static
../Core/Src/main.c:140:6:SystemClock_Config	88	static
../Core/Src/main.c:188:13:MX_TIM2_Init	32	static
../Core/Src/main.c:236:13:MX_USART2_UART_Init	8	static
../Core/Src/main.c:269:13:MX_GPIO_Init	48	static
../Core/Src/main.c:299:6:HCSR04_Trigger	8	static
../Core/Src/main.c:306:6:HAL_TIM_IC_CaptureCallback	16	static
../Core/Src/main.c:331:7:HCSR04_Read	8	static
../Core/Src/main.c:338:5:_write	32	static
../Core/Src/main.c:354:6:Error_Handler	4	static,ignoring_inline_asm
