../Drivers/CMSIS/Include/core_cm4.h:2064:26:ITM_SendChar	16	static,ignoring_inline_asm
../Core/Src/main.c:84:5:main	16	static
../Core/Src/main.c:131:6:SystemClock_Config	88	static
../Core/Src/main.c:179:13:MX_TIM2_Init	32	static
../Core/Src/main.c:227:13:MX_USART2_UART_Init	8	static
../Core/Src/main.c:260:13:MX_GPIO_Init	48	static
../Core/Src/main.c:290:6:HCSR04_Trigger	8	static
../Core/Src/main.c:297:6:HAL_TIM_IC_CaptureCallback	16	static
../Core/Src/main.c:322:7:HCSR04_Read	8	static
../Core/Src/main.c:329:5:_write	32	static
../Core/Src/main.c:345:6:Error_Handler	4	static,ignoring_inline_asm
