../Drivers/CMSIS/Include/core_cm4.h:2064:26:ITM_SendChar	16	static,ignoring_inline_asm
../Core/Src/main.c:118:5:main	16	static
../Core/Src/main.c:182:6:SystemClock_Config	88	static
../Core/Src/main.c:230:13:MX_ADC1_Init	24	static
../Core/Src/main.c:282:13:MX_TIM2_Init	32	static
../Core/Src/main.c:330:13:MX_USART1_UART_Init	8	static
../Core/Src/main.c:363:13:MX_USART2_UART_Init	8	static
../Core/Src/main.c:396:13:MX_GPIO_Init	48	static
../Core/Src/main.c:438:6:BluetoothTask	24	static
../Core/Src/main.c:452:6:UltrasonicTask	24	static
../Core/Src/main.c:466:6:Ky024Task	24	static
../Core/Src/main.c:493:6:HAL_UART_RxCpltCallback	96	static
../Core/Src/main.c:523:6:processCommand	32	static
../Core/Src/main.c:542:6:HCSR04_Trigger	8	static
../Core/Src/main.c:549:7:HCSR04_Read	8	static
../Core/Src/main.c:557:6:HAL_TIM_IC_CaptureCallback	16	static
../Core/Src/main.c:584:5:_write	32	static
../Core/Src/main.c:604:6:HAL_TIM_PeriodElapsedCallback	16	static
../Core/Src/main.c:621:6:Error_Handler	4	static,ignoring_inline_asm
