../Drivers/CMSIS/Include/core_cm4.h:2064:26:ITM_SendChar	16	static,ignoring_inline_asm
../Core/Src/main.c:94:5:main	16	static
../Core/Src/main.c:152:6:SystemClock_Config	88	static
../Core/Src/main.c:200:13:MX_TIM2_Init	32	static
../Core/Src/main.c:248:13:MX_USART1_UART_Init	8	static
../Core/Src/main.c:281:13:MX_USART2_UART_Init	8	static
../Core/Src/main.c:314:13:MX_GPIO_Init	48	static
../Core/Src/main.c:346:6:BluetoothTask	24	static
../Core/Src/main.c:360:6:UltrasonicTask	24	static
../Core/Src/main.c:374:6:HAL_UART_RxCpltCallback	96	static
../Core/Src/main.c:404:6:processCommand	32	static
../Core/Src/main.c:423:6:HCSR04_Trigger	8	static
../Core/Src/main.c:430:7:HCSR04_Read	8	static
../Core/Src/main.c:438:6:HAL_TIM_IC_CaptureCallback	16	static
../Core/Src/main.c:464:5:_write	32	static
../Core/Src/main.c:484:6:HAL_TIM_PeriodElapsedCallback	16	static
../Core/Src/main.c:501:6:Error_Handler	4	static,ignoring_inline_asm
