16:27:26 **** Incremental Build of configuration Debug for project FreeRTOS_kernel_test ****
make -j8 all 
arm-none-eabi-gcc "../Core/Src/main.c" -mcpu=cortex-m4 -std=gnu11 -g3 -DDEBUG -DUSE_HAL_DRIVER -DSTM32F446xx -c -I../Core/Inc -I"/home/boobathi/new_stm32_workspace/FreeRTOS_kernel_test/ThirdParty/FreeRTOS" -I"/home/boobathi/new_stm32_workspace/FreeRTOS_kernel_test/ThirdParty/FreeRTOS/include" -I"/home/boobathi/new_stm32_workspace/FreeRTOS_kernel_test/ThirdParty/FreeRTOS/portable/GCC/ARM_CM4F" -I../Drivers/STM32F4xx_HAL_Driver/Inc -I../Drivers/STM32F4xx_HAL_Driver/Inc/Legacy -I../Drivers/CMSIS/Device/ST/STM32F4xx/Include -I../Drivers/CMSIS/Include -O0 -ffunction-sections -fdata-sections -Wall -fstack-usage -MMD -MP -MF"Core/Src/main.d" -MT"Core/Src/main.o" --specs=nano.specs -mfpu=fpv4-sp-d16 -mfloat-abi=hard -mthumb -o "Core/Src/main.o"
arm-none-eabi-gcc -o "FreeRTOS_kernel_test.elf" @"objects.list"   -mcpu=cortex-m4 -T"/home/boobathi/new_stm32_workspace/FreeRTOS_kernel_test/STM32F446RETX_FLASH.ld" --specs=nosys.specs -Wl,-Map="FreeRTOS_kernel_test.map" -Wl,--gc-sections -static --specs=nano.specs -mfpu=fpv4-sp-d16 -mfloat-abi=hard -mthumb -Wl,--start-group -lc -lm -Wl,--end-group
Finished building target: FreeRTOS_kernel_test.elf
 
arm-none-eabi-size   FreeRTOS_kernel_test.elf 
arm-none-eabi-objdump -h -S  FreeRTOS_kernel_test.elf  > "FreeRTOS_kernel_test.list"
   text	   data	    bss	    dec	    hex	filename
  20508	     28	  78940	  99476	  18494	FreeRTOS_kernel_test.elf
Finished building: default.size.stdout
 
Finished building: FreeRTOS_kernel_test.list
 

16:27:27 Build Finished. 0 errors, 0 warnings. (took 1s.178ms)

