18:42:37 **** Incremental Build of configuration Debug for project FreeRTO_test ****
make -j8 all 
arm-none-eabi-gcc "../Core/Src/main.c" -mcpu=cortex-m4 -std=gnu11 -g3 -DDEBUG -DUSE_HAL_DRIVER -DSTM32F446xx -c -I../Core/Inc -I../Drivers/STM32F4xx_HAL_Driver/Inc -I../Drivers/STM32F4xx_HAL_Driver/Inc/Legacy -I../Drivers/CMSIS/Device/ST/STM32F4xx/Include -I../Drivers/CMSIS/Include -I../Middlewares/Third_Party/FreeRTOS/Source/include -I../Middlewares/Third_Party/FreeRTOS/Source/CMSIS_RTOS -I../Middlewares/Third_Party/FreeRTOS/Source/portable/GCC/ARM_CM4F -O0 -ffunction-sections -fdata-sections -Wall -fstack-usage -MMD -MP -MF"Core/Src/main.d" -MT"Core/Src/main.o" --specs=nano.specs -mfpu=fpv4-sp-d16 -mfloat-abi=hard -mthumb -o "Core/Src/main.o"
arm-none-eabi-gcc -o "FreeRTO_test.elf" @"objects.list"   -mcpu=cortex-m4 -T"/home/boobathi/new_stm32_workspace/FreeRTO_test/STM32F446RETX_FLASH.ld" --specs=nosys.specs -Wl,-Map="FreeRTO_test.map" -Wl,--gc-sections -static --specs=nano.specs -mfpu=fpv4-sp-d16 -mfloat-abi=hard -mthumb -Wl,--start-group -lc -lm -Wl,--end-group
Finished building target: FreeRTO_test.elf
 
arm-none-eabi-size   FreeRTO_test.elf 
arm-none-eabi-objdump -h -S  FreeRTO_test.elf  > "FreeRTO_test.list"
   text	   data	    bss	    dec	    hex	filename
  19016	    124	  18132	  37272	   9198	FreeRTO_test.elf
Finished building: default.size.stdout
 
Finished building: FreeRTO_test.list
 

18:42:38 Build Finished. 0 errors, 0 warnings. (took 1s.81ms)

