15:22:52 **** Incremental Build of configuration Debug for project FreeRTOS_Kernal ****
make -j8 all 
arm-none-eabi-gcc "../Core/Src/main.c" -mcpu=cortex-m4 -std=gnu11 -g3 -DDEBUG -DUSE_HAL_DRIVER -DSTM32F446xx -c -I../Core/Inc -I"/home/boobathi/new_stm32_workspace/FreeRTOS_Kernal/ThirdParty/FreeRTOS" -I"/home/boobathi/new_stm32_workspace/FreeRTOS_Kernal/ThirdParty/FreeRTOS/include" -I"/home/boobathi/new_stm32_workspace/FreeRTOS_Kernal/ThirdParty/FreeRTOS/portable/GCC/ARM_CM4F" -I../Drivers/STM32F4xx_HAL_Driver/Inc -I../Drivers/STM32F4xx_HAL_Driver/Inc/Legacy -I../Drivers/CMSIS/Device/ST/STM32F4xx/Include -I../Drivers/CMSIS/Include -O0 -ffunction-sections -fdata-sections -Wall -fstack-usage -MMD -MP -MF"Core/Src/main.d" -MT"Core/Src/main.o" --specs=nano.specs -mfpu=fpv4-sp-d16 -mfloat-abi=hard -mthumb -o "Core/Src/main.o"
arm-none-eabi-gcc -o "FreeRTOS_Kernal.elf" @"objects.list"   -mcpu=cortex-m4 -T"/home/boobathi/new_stm32_workspace/FreeRTOS_Kernal/STM32F446RETX_FLASH.ld" --specs=nosys.specs -Wl,-Map="FreeRTOS_Kernal.map" -Wl,--gc-sections -static --specs=nano.specs -mfpu=fpv4-sp-d16 -mfloat-abi=hard -mthumb -Wl,--start-group -lc -lm -Wl,--end-group
Finished building target: FreeRTOS_Kernal.elf
 
arm-none-eabi-size   FreeRTOS_Kernal.elf 
arm-none-eabi-objdump -h -S  FreeRTOS_Kernal.elf  > "FreeRTOS_Kernal.list"
   text	   data	    bss	    dec	    hex	filename
  20500	     28	  78940	  99468	  1848c	FreeRTOS_Kernal.elf
Finished building: default.size.stdout
 
Finished building: FreeRTOS_Kernal.list
 
15:22:56 **** Incremental Build of configuration Debug for project FreeRTOS_Kernal ****
make -j8 all 
arm-none-eabi-size   FreeRTOS_Kernal.elf 
   text	   data	    bss	    dec	    hex	filename
  20500	     28	  78940	  99468	  1848c	FreeRTOS_Kernal.elf
Finished building: default.size.stdout
 
15:23:49 **** Incremental Build of configuration Debug for project FreeRTOS_Kernal ****
make -j8 all 
arm-none-eabi-gcc "../Core/Src/main.c" -mcpu=cortex-m4 -std=gnu11 -g3 -DDEBUG -DUSE_HAL_DRIVER -DSTM32F446xx -c -I../Core/Inc -I"/home/boobathi/new_stm32_workspace/FreeRTOS_Kernal/ThirdParty/FreeRTOS" -I"/home/boobathi/new_stm32_workspace/FreeRTOS_Kernal/ThirdParty/FreeRTOS/include" -I"/home/boobathi/new_stm32_workspace/FreeRTOS_Kernal/ThirdParty/FreeRTOS/portable/GCC/ARM_CM4F" -I../Drivers/STM32F4xx_HAL_Driver/Inc -I../Drivers/STM32F4xx_HAL_Driver/Inc/Legacy -I../Drivers/CMSIS/Device/ST/STM32F4xx/Include -I../Drivers/CMSIS/Include -O0 -ffunction-sections -fdata-sections -Wall -fstack-usage -MMD -MP -MF"Core/Src/main.d" -MT"Core/Src/main.o" --specs=nano.specs -mfpu=fpv4-sp-d16 -mfloat-abi=hard -mthumb -o "Core/Src/main.o"
arm-none-eabi-gcc -o "FreeRTOS_Kernal.elf" @"objects.list"   -mcpu=cortex-m4 -T"/home/boobathi/new_stm32_workspace/FreeRTOS_Kernal/STM32F446RETX_FLASH.ld" --specs=nosys.specs -Wl,-Map="FreeRTOS_Kernal.map" -Wl,--gc-sections -static --specs=nano.specs -mfpu=fpv4-sp-d16 -mfloat-abi=hard -mthumb -Wl,--start-group -lc -lm -Wl,--end-group
Finished building target: FreeRTOS_Kernal.elf
 
arm-none-eabi-size   FreeRTOS_Kernal.elf 
arm-none-eabi-objdump -h -S  FreeRTOS_Kernal.elf  > "FreeRTOS_Kernal.list"
   text	   data	    bss	    dec	    hex	filename
  20508	     28	  78940	  99476	  18494	FreeRTOS_Kernal.elf
Finished building: default.size.stdout
 
Finished building: FreeRTOS_Kernal.list
 
