../Drivers/CMSIS/Include/core_cm4.h:1688:22:__NVIC_EnableIRQ	16	static
../Drivers/CMSIS/Include/core_cm4.h:1816:22:__NVIC_SetPriority	16	static
../Drivers/CMSIS/Include/core_cm4.h:2064:26:ITM_SendChar	16	static,ignoring_inline_asm
../Core/Src/main.c:45:20:SWV_Print	16	static
../Core/Src/main.c:50:20:usart_write_str	16	static
../Core/Src/main.c:59:5:_write	32	static
../Core/Src/main.c:66:5:main	16	static
../Core/Src/main.c:98:13:clock_init_84MHz	4	static
../Core/Src/main.c:127:13:gpio_init	4	static
../Core/Src/main.c:166:13:usart1_init_9600	4	static
../Core/Src/main.c:179:13:usart2_init_115200_tx	4	static
../Core/Src/main.c:192:13:tim2_ic_init	4	static
../Core/Src/main.c:210:20:delay_us	24	static,ignoring_inline_asm
../Core/Src/main.c:219:13:hc_sr04_trigger	8	static
../Core/Src/main.c:225:14:hc_sr04_read_cm	8	static
../Core/Src/main.c:238:13:process_cmd	16	static
../Core/Src/main.c:251:13:BluetoothTask	16	static
../Core/Src/main.c:257:13:UltrasonicTask	96	static
../Core/Src/main.c:271:6:USART1_IRQHandler	8	static
../Core/Src/main.c:298:6:TIM2_IRQHandler	16	static
