../Drivers/CMSIS/Include/core_cm4.h:1688:22:__NVIC_EnableIRQ	16	static
../Drivers/CMSIS/Include/core_cm4.h:1816:22:__NVIC_SetPriority	16	static
../Drivers/CMSIS/Include/core_cm4.h:2064:26:ITM_SendChar	16	static,ignoring_inline_asm
../Core/Src/main.c:47:20:SWV_Print	16	static
../Core/Src/main.c:52:20:usart_write_str	16	static
../Core/Src/main.c:61:5:_write	32	static
../Core/Src/main.c:68:5:main	16	static
../Core/Src/main.c:100:13:clock_init_84MHz	4	static
../Core/Src/main.c:129:13:gpio_init	4	static
../Core/Src/main.c:168:13:usart1_init_9600	4	static
../Core/Src/main.c:181:13:usart2_init_115200_tx	4	static
../Core/Src/main.c:194:13:tim2_ic_init	4	static
../Core/Src/main.c:212:20:delay_us	24	static,ignoring_inline_asm
../Core/Src/main.c:221:13:hc_sr04_trigger	8	static
../Core/Src/main.c:227:14:hc_sr04_read_cm	8	static
../Core/Src/main.c:240:13:process_cmd	16	static
../Core/Src/main.c:253:13:BluetoothTask	16	static
../Core/Src/main.c:259:13:UltrasonicTask	96	static
../Core/Src/main.c:273:6:USART1_IRQHandler	8	static
../Core/Src/main.c:300:6:TIM2_IRQHandler	16	static
